Component: ARM Compiler 5.06 update 4 (build 422) Tool: armlink [4d35d2]

==============================================================================

Section Cross References

    stm32l1xx_hal_tim.o(i.HAL_TIM_Base_DeInit) refers to stm32l1xx_hal_tim.o(i.HAL_TIM_Base_MspDeInit) for HAL_TIM_Base_MspDeInit
    stm32l1xx_hal_tim.o(i.HAL_TIM_Base_Init) refers to stm32l1xx_hal_tim.o(i.HAL_TIM_Base_MspInit) for HAL_TIM_Base_MspInit
    stm32l1xx_hal_tim.o(i.HAL_TIM_Base_Init) refers to stm32l1xx_hal_tim.o(i.TIM_Base_SetConfig) for TIM_Base_SetConfig
    stm32l1xx_hal_tim.o(i.HAL_TIM_Base_Start_DMA) refers to stm32l1xx_hal_dma.o(i.HAL_DMA_Start_IT) for HAL_DMA_Start_IT
    stm32l1xx_hal_tim.o(i.HAL_TIM_Base_Start_DMA) refers to stm32l1xx_hal_tim.o(i.TIM_DMAPeriodElapsedCplt) for TIM_DMAPeriodElapsedCplt
    stm32l1xx_hal_tim.o(i.HAL_TIM_Base_Start_DMA) refers to stm32l1xx_hal_tim.o(i.TIM_DMAError) for TIM_DMAError
    stm32l1xx_hal_tim.o(i.HAL_TIM_ConfigClockSource) refers to stm32l1xx_hal_tim.o(i.TIM_ETR_SetConfig) for TIM_ETR_SetConfig
    stm32l1xx_hal_tim.o(i.HAL_TIM_ConfigClockSource) refers to stm32l1xx_hal_tim.o(i.TIM_TI1_ConfigInputStage) for TIM_TI1_ConfigInputStage
    stm32l1xx_hal_tim.o(i.HAL_TIM_ConfigClockSource) refers to stm32l1xx_hal_tim.o(i.TIM_ITRx_SetConfig) for TIM_ITRx_SetConfig
    stm32l1xx_hal_tim.o(i.HAL_TIM_ConfigClockSource) refers to stm32l1xx_hal_tim.o(i.TIM_TI2_ConfigInputStage) for TIM_TI2_ConfigInputStage
    stm32l1xx_hal_tim.o(i.HAL_TIM_ConfigOCrefClear) refers to stm32l1xx_hal_tim.o(i.TIM_ETR_SetConfig) for TIM_ETR_SetConfig
    stm32l1xx_hal_tim.o(i.HAL_TIM_DMABurst_ReadStart) refers to stm32l1xx_hal_dma.o(i.HAL_DMA_Start_IT) for HAL_DMA_Start_IT
    stm32l1xx_hal_tim.o(i.HAL_TIM_DMABurst_ReadStart) refers to stm32l1xx_hal_tim.o(i.TIM_DMAPeriodElapsedCplt) for TIM_DMAPeriodElapsedCplt
    stm32l1xx_hal_tim.o(i.HAL_TIM_DMABurst_ReadStart) refers to stm32l1xx_hal_tim.o(i.TIM_DMAError) for TIM_DMAError
    stm32l1xx_hal_tim.o(i.HAL_TIM_DMABurst_ReadStart) refers to stm32l1xx_hal_tim.o(i.TIM_DMACaptureCplt) for TIM_DMACaptureCplt
    stm32l1xx_hal_tim.o(i.HAL_TIM_DMABurst_ReadStart) refers to stm32l1xx_hal_tim.o(i.TIM_DMATriggerCplt) for TIM_DMATriggerCplt
    stm32l1xx_hal_tim.o(i.HAL_TIM_DMABurst_ReadStop) refers to stm32l1xx_hal_dma.o(i.HAL_DMA_Abort) for HAL_DMA_Abort
    stm32l1xx_hal_tim.o(i.HAL_TIM_DMABurst_WriteStart) refers to stm32l1xx_hal_dma.o(i.HAL_DMA_Start_IT) for HAL_DMA_Start_IT
    stm32l1xx_hal_tim.o(i.HAL_TIM_DMABurst_WriteStart) refers to stm32l1xx_hal_tim.o(i.TIM_DMAPeriodElapsedCplt) for TIM_DMAPeriodElapsedCplt
    stm32l1xx_hal_tim.o(i.HAL_TIM_DMABurst_WriteStart) refers to stm32l1xx_hal_tim.o(i.TIM_DMAError) for TIM_DMAError
    stm32l1xx_hal_tim.o(i.HAL_TIM_DMABurst_WriteStart) refers to stm32l1xx_hal_tim.o(i.TIM_DMADelayPulseCplt) for TIM_DMADelayPulseCplt
    stm32l1xx_hal_tim.o(i.HAL_TIM_DMABurst_WriteStart) refers to stm32l1xx_hal_tim.o(i.TIM_DMATriggerCplt) for TIM_DMATriggerCplt
    stm32l1xx_hal_tim.o(i.HAL_TIM_DMABurst_WriteStop) refers to stm32l1xx_hal_dma.o(i.HAL_DMA_Abort) for HAL_DMA_Abort
    stm32l1xx_hal_tim.o(i.HAL_TIM_Encoder_DeInit) refers to stm32l1xx_hal_tim.o(i.HAL_TIM_Encoder_MspDeInit) for HAL_TIM_Encoder_MspDeInit
    stm32l1xx_hal_tim.o(i.HAL_TIM_Encoder_Init) refers to stm32l1xx_hal_tim.o(i.HAL_TIM_Encoder_MspInit) for HAL_TIM_Encoder_MspInit
    stm32l1xx_hal_tim.o(i.HAL_TIM_Encoder_Init) refers to stm32l1xx_hal_tim.o(i.TIM_Base_SetConfig) for TIM_Base_SetConfig
    stm32l1xx_hal_tim.o(i.HAL_TIM_Encoder_Start) refers to stm32l1xx_hal_tim.o(i.TIM_CCxChannelCmd) for TIM_CCxChannelCmd
    stm32l1xx_hal_tim.o(i.HAL_TIM_Encoder_Start_DMA) refers to stm32l1xx_hal_dma.o(i.HAL_DMA_Start_IT) for HAL_DMA_Start_IT
    stm32l1xx_hal_tim.o(i.HAL_TIM_Encoder_Start_DMA) refers to stm32l1xx_hal_tim.o(i.TIM_CCxChannelCmd) for TIM_CCxChannelCmd
    stm32l1xx_hal_tim.o(i.HAL_TIM_Encoder_Start_DMA) refers to stm32l1xx_hal_tim.o(i.TIM_DMACaptureCplt) for TIM_DMACaptureCplt
    stm32l1xx_hal_tim.o(i.HAL_TIM_Encoder_Start_DMA) refers to stm32l1xx_hal_tim.o(i.TIM_DMAError) for TIM_DMAError
    stm32l1xx_hal_tim.o(i.HAL_TIM_Encoder_Start_IT) refers to stm32l1xx_hal_tim.o(i.TIM_CCxChannelCmd) for TIM_CCxChannelCmd
    stm32l1xx_hal_tim.o(i.HAL_TIM_Encoder_Stop) refers to stm32l1xx_hal_tim.o(i.TIM_CCxChannelCmd) for TIM_CCxChannelCmd
    stm32l1xx_hal_tim.o(i.HAL_TIM_Encoder_Stop_DMA) refers to stm32l1xx_hal_tim.o(i.TIM_CCxChannelCmd) for TIM_CCxChannelCmd
    stm32l1xx_hal_tim.o(i.HAL_TIM_Encoder_Stop_IT) refers to stm32l1xx_hal_tim.o(i.TIM_CCxChannelCmd) for TIM_CCxChannelCmd
    stm32l1xx_hal_tim.o(i.HAL_TIM_IC_ConfigChannel) refers to stm32l1xx_hal_tim.o(i.TIM_TI1_SetConfig) for TIM_TI1_SetConfig
    stm32l1xx_hal_tim.o(i.HAL_TIM_IC_ConfigChannel) refers to stm32l1xx_hal_tim.o(i.TIM_TI2_SetConfig) for TIM_TI2_SetConfig
    stm32l1xx_hal_tim.o(i.HAL_TIM_IC_ConfigChannel) refers to stm32l1xx_hal_tim.o(i.TIM_TI3_SetConfig) for TIM_TI3_SetConfig
[...]
    Removing stm32l1xx_hal_tim.o(i.HAL_TIM_IC_Start_DMA), (276 bytes).
    Removing stm32l1xx_hal_tim.o(i.HAL_TIM_IC_Start_IT), (108 bytes).
    Removing stm32l1xx_hal_tim.o(i.HAL_TIM_IC_Stop), (48 bytes).
    Removing stm32l1xx_hal_tim.o(i.HAL_TIM_IC_Stop_DMA), (130 bytes).
    Removing stm32l1xx_hal_tim.o(i.HAL_TIM_IC_Stop_IT), (124 bytes).
    Removing stm32l1xx_hal_tim.o(i.HAL_TIM_OC_ConfigChannel), (116 bytes).
    Removing stm32l1xx_hal_tim.o(i.HAL_TIM_OC_DeInit), (60 bytes).
    Removing stm32l1xx_hal_tim.o(i.HAL_TIM_OC_GetState), (8 bytes).
    Removing stm32l1xx_hal_tim.o(i.HAL_TIM_OC_Init), (52 bytes).
    Removing stm32l1xx_hal_tim.o(i.HAL_TIM_OC_MspDeInit), (2 bytes).
    Removing stm32l1xx_hal_tim.o(i.HAL_TIM_OC_MspInit), (2 bytes).
    Removing stm32l1xx_hal_tim.o(i.HAL_TIM_OC_Start), (32 bytes).
    Removing stm32l1xx_hal_tim.o(i.HAL_TIM_OC_Start_DMA), (276 bytes).
    Removing stm32l1xx_hal_tim.o(i.HAL_TIM_OC_Start_IT), (108 bytes).
    Removing stm32l1xx_hal_tim.o(i.HAL_TIM_OC_Stop), (48 bytes).
    Removing stm32l1xx_hal_tim.o(i.HAL_TIM_OC_Stop_DMA), (130 bytes).
    Removing stm32l1xx_hal_tim.o(i.HAL_TIM_OC_Stop_IT), (124 bytes).
    Removing stm32l1xx_hal_tim.o(i.HAL_TIM_OnePulse_ConfigChannel), (278 bytes).
    Removing stm32l1xx_hal_tim.o(i.HAL_TIM_OnePulse_DeInit), (60 bytes).
    Removing stm32l1xx_hal_tim.o(i.HAL_TIM_OnePulse_GetState), (8 bytes).
    Removing stm32l1xx_hal_tim.o(i.HAL_TIM_OnePulse_Init), (76 bytes).
    Removing stm32l1xx_hal_tim.o(i.HAL_TIM_OnePulse_MspDeInit), (2 bytes).
    Removing stm32l1xx_hal_tim.o(i.HAL_TIM_OnePulse_MspInit), (2 bytes).
    Removing stm32l1xx_hal_tim.o(i.HAL_TIM_OnePulse_Start), (30 bytes).
    Removing stm32l1xx_hal_tim.o(i.HAL_TIM_OnePulse_Start_IT), (54 bytes).
    Removing stm32l1xx_hal_tim.o(i.HAL_TIM_OnePulse_Stop), (58 bytes).
    Removing stm32l1xx_hal_tim.o(i.HAL_TIM_OnePulse_Stop_IT), (82 bytes).
    Removing stm32l1xx_hal_tim.o(i.HAL_TIM_PWM_ConfigChannel), (264 bytes).
    Removing stm32l1xx_hal_tim.o(i.HAL_TIM_PWM_DeInit), (60 bytes).
    Removing stm32l1xx_hal_tim.o(i.HAL_TIM_PWM_GetState), (8 bytes).
    Removing stm32l1xx_hal_tim.o(i.HAL_TIM_PWM_Init), (52 bytes).
    Removing stm32l1xx_hal_tim.o(i.HAL_TIM_PWM_MspDeInit), (2 bytes).
    Removing stm32l1xx_hal_tim.o(i.HAL_TIM_PWM_MspInit), (2 bytes).
    Removing stm32l1xx_hal_tim.o(i.HAL_TIM_PWM_Start), (32 bytes).
    Removing stm32l1xx_hal_tim.o(i.HAL_TIM_PWM_Start_DMA), (276 bytes).
    Removing stm32l1xx_hal_tim.o(i.HAL_TIM_PWM_Start_IT), (108 bytes).
    Removing stm32l1xx_hal_tim.o(i.HAL_TIM_PWM_Stop), (54 bytes).
    Removing stm32l1xx_hal_tim.o(i.HAL_TIM_PWM_Stop_DMA), (130 bytes).
    Removing stm32l1xx_hal_tim.o(i.HAL_TIM_PWM_Stop_IT), (124 bytes).
    Removing stm32l1xx_hal_tim.o(i.HAL_TIM_PeriodElapsedCallback), (2 bytes).
    Removing stm32l1xx_hal_tim.o(i.HAL_TIM_ReadCapturedValue), (84 bytes).
    Removing stm32l1xx_hal_tim.o(i.HAL_TIM_SlaveConfigSynchronization), (86 bytes).
    Removing stm32l1xx_hal_tim.o(i.HAL_TIM_SlaveConfigSynchronization_IT), (86 bytes).
    Removing stm32l1xx_hal_tim.o(i.TIM_CCxChannelCmd), (28 bytes).
    Removing stm32l1xx_hal_tim.o(i.TIM_DMACaptureCplt), (70 bytes).
    Removing stm32l1xx_hal_tim.o(i.TIM_DMADelayPulseCplt), (70 bytes).
    Removing stm32l1xx_hal_tim.o(i.TIM_DMAError), (20 bytes).
    Removing stm32l1xx_hal_tim.o(i.TIM_DMAPeriodElapsedCplt), (20 bytes).
    Removing stm32l1xx_hal_tim.o(i.TIM_DMATriggerCplt), (20 bytes).
    Removing stm32l1xx_hal_tim.o(i.TIM_ETR_SetConfig), (24 bytes).
    Removing stm32l1xx_hal_tim.o(i.TIM_ITRx_SetConfig), (20 bytes).
    Removing stm32l1xx_hal_tim.o(i.TIM_OC1_SetConfig), (54 bytes).
    Removing stm32l1xx_hal_tim.o(i.TIM_OC2_SetConfig), (58 bytes).
    Removing stm32l1xx_hal_tim.o(i.TIM_OC3_SetConfig), (56 bytes).
    Removing stm32l1xx_hal_tim.o(i.TIM_OC4_SetConfig), (58 bytes).
    Removing stm32l1xx_hal_tim.o(i.TIM_SlaveTimer_SetConfig), (164 bytes).
    Removing stm32l1xx_hal_tim.o(i.TIM_TI1_ConfigInputStage), (42 bytes).
    Removing stm32l1xx_hal_tim.o(i.TIM_TI1_SetConfig), (116 bytes).
    Removing stm32l1xx_hal_tim.o(i.TIM_TI2_ConfigInputStage), (44 bytes).
    Removing stm32l1xx_hal_tim.o(i.TIM_TI2_SetConfig), (62 bytes).
    Removing stm32l1xx_hal_tim.o(i.TIM_TI3_SetConfig), (60 bytes).
    Removing stm32l1xx_hal_tim.o(i.TIM_TI4_SetConfig), (64 bytes).
    Removing stm32l1xx_hal_dma.o(.rev16_text), (4 bytes).
    Removing stm32l1xx_hal_dma.o(.revsh_text), (4 bytes).
    Removing stm32l1xx_hal_dma.o(.rrx_text), (6 bytes).
    Removing stm32l1xx_hal_dma.o(i.DMA_SetConfig), (44 bytes).
    Removing stm32l1xx_hal_dma.o(i.HAL_DMA_Abort), (58 bytes).
    Removing stm32l1xx_hal_dma.o(i.HAL_DMA_Abort_IT), (88 bytes).
    Removing stm32l1xx_hal_dma.o(i.HAL_DMA_DeInit), (132 bytes).
    Removing stm32l1xx_hal_dma.o(i.HAL_DMA_GetError), (6 bytes).
    Removing stm32l1xx_hal_dma.o(i.HAL_DMA_GetState), (8 bytes).
    Removing stm32l1xx_hal_dma.o(i.HAL_DMA_IRQHandler), (230 bytes).
    Removing stm32l1xx_hal_dma.o(i.HAL_DMA_Init), (148 bytes).
    Removing stm32l1xx_hal_dma.o(i.HAL_DMA_PollForTransfer), (244 bytes).
    Removing stm32l1xx_hal_dma.o(i.HAL_DMA_RegisterCallback), (90 bytes).
    Removing stm32l1xx_hal_dma.o(i.HAL_DMA_Start), (114 bytes).
    Removing stm32l1xx_hal_dma.o(i.HAL_DMA_Start_IT), (156 bytes).
    Removing stm32l1xx_hal_dma.o(i.HAL_DMA_UnRegisterCallback), (106 bytes).
    Removing stm32l1xx_hal_rcc.o(.rev16_text), (4 bytes).
    Removing stm32l1xx_hal_rcc.o(.revsh_text), (4 bytes).
    Removing stm32l1xx_hal_rcc.o(.rrx_text), (6 bytes).
    Removing stm32l1xx_hal_rcc.o(i.HAL_RCC_CSSCallback), (2 bytes).
    Removing stm32l1xx_hal_rcc.o(i.HAL_RCC_DeInit), (152 bytes).
    Removing stm32l1xx_hal_rcc.o(i.HAL_RCC_DisableCSS), (28 bytes).
    Removing stm32l1xx_hal_rcc.o(i.HAL_RCC_EnableCSS), (24 bytes).
    Removing stm32l1xx_hal_rcc.o(i.HAL_RCC_GetOscConfig), (292 bytes).
    Removing stm32l1xx_hal_rcc.o(i.HAL_RCC_GetPCLK2Freq), (44 bytes).
    Removing stm32l1xx_hal_rcc.o(i.HAL_RCC_MCOConfig), (108 bytes).
    Removing stm32l1xx_hal_rcc.o(i.HAL_RCC_NMI_IRQHandler), (32 bytes).
    Removing stm32l1xx_hal_rcc_ex.o(.rev16_text), (4 bytes).
    Removing stm32l1xx_hal_rcc_ex.o(.revsh_text), (4 bytes).
    Removing stm32l1xx_hal_rcc_ex.o(.rrx_text), (6 bytes).
    Removing stm32l1xx_hal_rcc_ex.o(i.HAL_RCCEx_DisableLSECSS), (48 bytes).
    Removing stm32l1xx_hal_rcc_ex.o(i.HAL_RCCEx_EnableLSECSS), (28 bytes).
    Removing stm32l1xx_hal_rcc_ex.o(i.HAL_RCCEx_EnableLSECSS_IT), (76 bytes).
    Removing stm32l1xx_hal_rcc_ex.o(i.HAL_RCCEx_GetPeriphCLKConfig), (56 bytes).
    Removing stm32l1xx_hal_rcc_ex.o(i.HAL_RCCEx_GetPeriphCLKFreq), (164 bytes).
    Removing stm32l1xx_hal_rcc_ex.o(i.HAL_RCCEx_LSECSS_Callback), (2 bytes).
    Removing stm32l1xx_hal_rcc_ex.o(i.HAL_RCCEx_LSECSS_IRQHandler), (32 bytes).
    Removing stm32l1xx_hal_rcc_ex.o(i.HAL_RCCEx_PeriphCLKConfig), (516 bytes).
    Removing stm32l1xx_hal_flash.o(.rev16_text), (4 bytes).
    Removing stm32l1xx_hal_flash.o(.revsh_text), (4 bytes).
    Removing stm32l1xx_hal_flash.o(.rrx_text), (6 bytes).
    Removing stm32l1xx_hal_flash.o(i.FLASH_SetErrorCode), (136 bytes).
    Removing stm32l1xx_hal_flash.o(i.FLASH_WaitForLastOperation), (132 bytes).
    Removing stm32l1xx_hal_flash.o(i.HAL_FLASH_EndOfOperationCallback), (2 bytes).
    Removing stm32l1xx_hal_flash.o(i.HAL_FLASH_GetError), (12 bytes).
    Removing stm32l1xx_hal_flash.o(i.HAL_FLASH_IRQHandler), (320 bytes).
    Removing stm32l1xx_hal_flash.o(i.HAL_FLASH_Lock), (20 bytes).
    Removing stm32l1xx_hal_flash.o(i.HAL_FLASH_OB_Launch), (28 bytes).
    Removing stm32l1xx_hal_flash.o(i.HAL_FLASH_OB_Lock), (20 bytes).
    Removing stm32l1xx_hal_flash.o(i.HAL_FLASH_OB_Unlock), (76 bytes).
    Removing stm32l1xx_hal_flash.o(i.HAL_FLASH_OperationErrorCallback), (2 bytes).
    Removing stm32l1xx_hal_flash.o(i.HAL_FLASH_Program), (84 bytes).
    Removing stm32l1xx_hal_flash.o(i.HAL_FLASH_Program_IT), (72 bytes).
    Removing stm32l1xx_hal_flash.o(i.HAL_FLASH_Unlock), (76 bytes).
    Removing stm32l1xx_hal_flash.o(.bss), (24 bytes).
    Removing stm32l1xx_hal_gpio.o(.rev16_text), (4 bytes).
    Removing stm32l1xx_hal_gpio.o(.revsh_text), (4 bytes).
    Removing stm32l1xx_hal_gpio.o(.rrx_text), (6 bytes).
    Removing stm32l1xx_hal_gpio.o(i.HAL_GPIO_DeInit), (316 bytes).
    Removing stm32l1xx_hal_gpio.o(i.HAL_GPIO_EXTI_Callback), (2 bytes).
    Removing stm32l1xx_hal_gpio.o(i.HAL_GPIO_EXTI_IRQHandler), (28 bytes).
    Removing stm32l1xx_hal_gpio.o(i.HAL_GPIO_LockPin), (46 bytes).
    Removing stm32l1xx_hal_gpio.o(i.HAL_GPIO_ReadPin), (16 bytes).
    Removing stm32l1xx_hal_gpio.o(i.HAL_GPIO_TogglePin), (8 bytes).
    Removing stm32l1xx_hal_cortex.o(.rev16_text), (4 bytes).
    Removing stm32l1xx_hal_cortex.o(.revsh_text), (4 bytes).
    Removing stm32l1xx_hal_cortex.o(.rrx_text), (6 bytes).
    Removing stm32l1xx_hal_cortex.o(i.HAL_MPU_ConfigRegion), (92 bytes).
    Removing stm32l1xx_hal_cortex.o(i.HAL_NVIC_ClearPendingIRQ), (28 bytes).
    Removing stm32l1xx_hal_cortex.o(i.HAL_NVIC_DisableIRQ), (28 bytes).
    Removing stm32l1xx_hal_cortex.o(i.HAL_NVIC_GetActive), (40 bytes).
    Removing stm32l1xx_hal_cortex.o(i.HAL_NVIC_GetPendingIRQ), (40 bytes).
    Removing stm32l1xx_hal_cortex.o(i.HAL_NVIC_GetPriority), (148 bytes).
    Removing stm32l1xx_hal_cortex.o(i.HAL_NVIC_GetPriorityGrouping), (8 bytes).
    Removing stm32l1xx_hal_cortex.o(i.HAL_NVIC_SetPendingIRQ), (28 bytes).
    Removing stm32l1xx_hal_cortex.o(i.HAL_NVIC_SystemReset), (68 bytes).
    Removing stm32l1xx_hal_cortex.o(i.HAL_SYSTICK_Callback), (2 bytes).
    Removing stm32l1xx_hal_cortex.o(i.HAL_SYSTICK_IRQHandler), (8 bytes).
    Removing stm32l1xx_hal_flash_ramfunc.o(.rev16_text), (4 bytes).
    Removing stm32l1xx_hal_flash_ramfunc.o(.revsh_text), (4 bytes).
    Removing stm32l1xx_hal_flash_ramfunc.o(.rrx_text), (6 bytes).
    Removing stm32l1xx_hal_flash_ramfunc.o(i.FLASHRAM_SetErrorCode), (140 bytes).
    Removing stm32l1xx_hal_flash_ramfunc.o(i.FLASHRAM_WaitForLastOperation), (116 bytes).
    Removing stm32l1xx_hal_flash_ramfunc.o(i.HAL_FLASHEx_DATAEEPROM_EraseDoubleWord), (120 bytes).
    Removing stm32l1xx_hal_flash_ramfunc.o(i.HAL_FLASHEx_DATAEEPROM_ProgramDoubleWord), (128 bytes).
    Removing stm32l1xx_hal_flash_ramfunc.o(i.HAL_FLASHEx_DisableRunPowerDown), (48 bytes).
    Removing stm32l1xx_hal_flash_ramfunc.o(i.HAL_FLASHEx_EnableRunPowerDown), (48 bytes).
    Removing stm32l1xx_hal_flash_ramfunc.o(i.HAL_FLASHEx_EraseParallelPage), (108 bytes).
    Removing stm32l1xx_hal_flash_ramfunc.o(i.HAL_FLASHEx_GetError), (16 bytes).
    Removing stm32l1xx_hal_flash_ramfunc.o(i.HAL_FLASHEx_HalfPageProgram), (140 bytes).
    Removing stm32l1xx_hal_flash_ramfunc.o(i.HAL_FLASHEx_ProgramParallelHalfPage), (196 bytes).
    Removing stm32l1xx_hal_pwr.o(.rev16_text), (4 bytes).
    Removing stm32l1xx_hal_pwr.o(.revsh_text), (4 bytes).
    Removing stm32l1xx_hal_pwr.o(.rrx_text), (6 bytes).
    Removing stm32l1xx_hal_pwr.o(i.HAL_PWR_ConfigPVD), (184 bytes).
    Removing stm32l1xx_hal_pwr.o(i.HAL_PWR_DeInit), (28 bytes).
    Removing stm32l1xx_hal_pwr.o(i.HAL_PWR_DisableBkUpAccess), (28 bytes).
    Removing stm32l1xx_hal_pwr.o(i.HAL_PWR_DisablePVD), (24 bytes).
    Removing stm32l1xx_hal_pwr.o(i.HAL_PWR_DisableSEVOnPend), (20 bytes).
    Removing stm32l1xx_hal_pwr.o(i.HAL_PWR_DisableSleepOnExit), (20 bytes).
    Removing stm32l1xx_hal_pwr.o(i.HAL_PWR_DisableWakeUpPin), (28 bytes).
    Removing stm32l1xx_hal_pwr.o(i.HAL_PWR_EnableBkUpAccess), (24 bytes).
    Removing stm32l1xx_hal_pwr.o(i.HAL_PWR_EnablePVD), (24 bytes).
    Removing stm32l1xx_hal_pwr.o(i.HAL_PWR_EnableSEVOnPend), (20 bytes).
    Removing stm32l1xx_hal_pwr.o(i.HAL_PWR_EnableSleepOnExit), (20 bytes).
    Removing stm32l1xx_hal_pwr.o(i.HAL_PWR_EnableWakeUpPin), (28 bytes).
    Removing stm32l1xx_hal_pwr.o(i.HAL_PWR_EnterSLEEPMode), (52 bytes).
    Removing stm32l1xx_hal_pwr.o(i.HAL_PWR_EnterSTANDBYMode), (40 bytes).
    Removing stm32l1xx_hal_pwr.o(i.HAL_PWR_EnterSTOPMode), (64 bytes).
    Removing stm32l1xx_hal_pwr.o(i.HAL_PWR_PVDCallback), (2 bytes).
    Removing stm32l1xx_hal_pwr.o(i.HAL_PWR_PVD_IRQHandler), (32 bytes).
    Removing stm32l1xx_hal_tim_ex.o(.rev16_text), (4 bytes).
    Removing stm32l1xx_hal_tim_ex.o(.revsh_text), (4 bytes).
    Removing stm32l1xx_hal_tim_ex.o(.rrx_text), (6 bytes).
    Removing stm32l1xx_hal_tim_ex.o(i.HAL_TIMEx_MasterConfigSynchronization), (98 bytes).
    Removing stm32l1xx_hal_tim_ex.o(i.HAL_TIMEx_RemapConfig), (48 bytes).
    Removing stm32l1xx_hal.o(.rev16_text), (4 bytes).
    Removing stm32l1xx_hal.o(.revsh_text), (4 bytes).
    Removing stm32l1xx_hal.o(.rrx_text), (6 bytes).
    Removing stm32l1xx_hal.o(i.HAL_DBGMCU_DisableDBGSleepMode), (20 bytes).
    Removing stm32l1xx_hal.o(i.HAL_DBGMCU_DisableDBGStandbyMode), (20 bytes).
    Removing stm32l1xx_hal.o(i.HAL_DBGMCU_DisableDBGStopMode), (20 bytes).
    Removing stm32l1xx_hal.o(i.HAL_DBGMCU_EnableDBGSleepMode), (20 bytes).
    Removing stm32l1xx_hal.o(i.HAL_DBGMCU_EnableDBGStandbyMode), (20 bytes).
    Removing stm32l1xx_hal.o(i.HAL_DBGMCU_EnableDBGStopMode), (20 bytes).
    Removing stm32l1xx_hal.o(i.HAL_DeInit), (48 bytes).
    Removing stm32l1xx_hal.o(i.HAL_Delay), (26 bytes).
    Removing stm32l1xx_hal.o(i.HAL_GetDEVID), (16 bytes).
    Removing stm32l1xx_hal.o(i.HAL_GetHalVersion), (6 bytes).
    Removing stm32l1xx_hal.o(i.HAL_GetREVID), (12 bytes).
    Removing stm32l1xx_hal.o(i.HAL_InitTick), (40 bytes).
    Removing stm32l1xx_hal.o(i.HAL_MspDeInit), (2 bytes).
    Removing stm32l1xx_hal.o(i.HAL_MspInit), (2 bytes).
    Removing stm32l1xx_hal.o(i.HAL_ResumeTick), (18 bytes).
    Removing stm32l1xx_hal.o(i.HAL_SuspendTick), (18 bytes).
    Removing stm32l1xx_hal_flash_ex.o(.rev16_text), (4 bytes).
    Removing stm32l1xx_hal_flash_ex.o(.revsh_text), (4 bytes).
    Removing stm32l1xx_hal_flash_ex.o(.rrx_text), (6 bytes).
    Removing stm32l1xx_hal_flash_ex.o(i.FLASH_DATAEEPROM_FastProgramByte), (52 bytes).
    Removing stm32l1xx_hal_flash_ex.o(i.FLASH_DATAEEPROM_FastProgramHalfWord), (52 bytes).
    Removing stm32l1xx_hal_flash_ex.o(i.FLASH_DATAEEPROM_FastProgramWord), (52 bytes).
    Removing stm32l1xx_hal_flash_ex.o(i.FLASH_DATAEEPROM_ProgramByte), (36 bytes).
    Removing stm32l1xx_hal_flash_ex.o(i.FLASH_DATAEEPROM_ProgramHalfWord), (36 bytes).
    Removing stm32l1xx_hal_flash_ex.o(i.FLASH_DATAEEPROM_ProgramWord), (36 bytes).
    Removing stm32l1xx_hal_flash_ex.o(i.FLASH_OB_BORConfig), (84 bytes).
    Removing stm32l1xx_hal_flash_ex.o(i.FLASH_OB_BootConfig), (84 bytes).
    Removing stm32l1xx_hal_flash_ex.o(i.FLASH_OB_GetBOR), (16 bytes).
    Removing stm32l1xx_hal_flash_ex.o(i.FLASH_OB_GetRDP), (12 bytes).
    Removing stm32l1xx_hal_flash_ex.o(i.FLASH_OB_GetUser), (16 bytes).
    Removing stm32l1xx_hal_flash_ex.o(i.FLASH_OB_RDPConfig), (96 bytes).
    Removing stm32l1xx_hal_flash_ex.o(i.FLASH_OB_UserConfig), (108 bytes).
    Removing stm32l1xx_hal_flash_ex.o(i.FLASH_OB_WRPConfig), (92 bytes).
    Removing stm32l1xx_hal_flash_ex.o(i.FLASH_OB_WRPConfigWRP1OrPCROP1), (100 bytes).
    Removing stm32l1xx_hal_flash_ex.o(i.FLASH_OB_WRPConfigWRP2OrPCROP2), (100 bytes).
    Removing stm32l1xx_hal_flash_ex.o(i.FLASH_OB_WRPConfigWRP3), (100 bytes).
    Removing stm32l1xx_hal_flash_ex.o(i.FLASH_OB_WRPConfigWRP4), (116 bytes).
    Removing stm32l1xx_hal_flash_ex.o(i.FLASH_PageErase), (48 bytes).
    Removing stm32l1xx_hal_flash_ex.o(i.HAL_FLASHEx_AdvOBGetConfig), (32 bytes).
    Removing stm32l1xx_hal_flash_ex.o(i.HAL_FLASHEx_AdvOBProgram), (28 bytes).
    Removing stm32l1xx_hal_flash_ex.o(i.HAL_FLASHEx_DATAEEPROM_DisableFixedTimeProgram), (20 bytes).
    Removing stm32l1xx_hal_flash_ex.o(i.HAL_FLASHEx_DATAEEPROM_EnableFixedTimeProgram), (20 bytes).
    Removing stm32l1xx_hal_flash_ex.o(i.HAL_FLASHEx_DATAEEPROM_Erase), (64 bytes).
    Removing stm32l1xx_hal_flash_ex.o(i.HAL_FLASHEx_DATAEEPROM_Lock), (20 bytes).
    Removing stm32l1xx_hal_flash_ex.o(i.HAL_FLASHEx_DATAEEPROM_Program), (156 bytes).
    Removing stm32l1xx_hal_flash_ex.o(i.HAL_FLASHEx_DATAEEPROM_Unlock), (44 bytes).
    Removing stm32l1xx_hal_flash_ex.o(i.HAL_FLASHEx_Erase), (144 bytes).
    Removing stm32l1xx_hal_flash_ex.o(i.HAL_FLASHEx_Erase_IT), (84 bytes).
    Removing stm32l1xx_hal_flash_ex.o(i.HAL_FLASHEx_OBGetConfig), (64 bytes).
    Removing stm32l1xx_hal_flash_ex.o(i.HAL_FLASHEx_OBProgram), (212 bytes).
    Removing stm32l1xx_hal_spi.o(.rev16_text), (4 bytes).
    Removing stm32l1xx_hal_spi.o(.revsh_text), (4 bytes).
    Removing stm32l1xx_hal_spi.o(.rrx_text), (6 bytes).
    Removing stm32l1xx_hal_spi.o(i.HAL_SPI_DMAPause), (62 bytes).
    Removing stm32l1xx_hal_spi.o(i.HAL_SPI_DMAResume), (62 bytes).
    Removing stm32l1xx_hal_spi.o(i.HAL_SPI_DMAStop), (58 bytes).
    Removing stm32l1xx_hal_spi.o(i.HAL_SPI_DeInit), (48 bytes).
    Removing stm32l1xx_hal_spi.o(i.HAL_SPI_ErrorCallback), (2 bytes).
    Removing stm32l1xx_hal_spi.o(i.HAL_SPI_GetError), (6 bytes).
    Removing stm32l1xx_hal_spi.o(i.HAL_SPI_GetState), (8 bytes).
    Removing stm32l1xx_hal_spi.o(i.HAL_SPI_IRQHandler), (256 bytes).
    Removing stm32l1xx_hal_spi.o(i.HAL_SPI_Init), (6 bytes).
    Removing stm32l1xx_hal_spi.o(i.HAL_SPI_MspDeInit), (2 bytes).
    Removing stm32l1xx_hal_spi.o(i.HAL_SPI_MspInit), (2 bytes).
    Removing stm32l1xx_hal_spi.o(i.HAL_SPI_Receive), (570 bytes).
    Removing stm32l1xx_hal_spi.o(i.HAL_SPI_Receive_DMA), (272 bytes).
    Removing stm32l1xx_hal_spi.o(i.HAL_SPI_Receive_IT), (228 bytes).
    Removing stm32l1xx_hal_spi.o(i.HAL_SPI_RxCpltCallback), (2 bytes).
    Removing stm32l1xx_hal_spi.o(i.HAL_SPI_RxHalfCpltCallback), (2 bytes).
    Removing stm32l1xx_hal_spi.o(i.HAL_SPI_Transmit), (448 bytes).
    Removing stm32l1xx_hal_spi.o(i.HAL_SPI_TransmitReceive), (844 bytes).
    Removing stm32l1xx_hal_spi.o(i.HAL_SPI_TransmitReceive_DMA), (332 bytes).
    Removing stm32l1xx_hal_spi.o(i.HAL_SPI_TransmitReceive_IT), (204 bytes).
    Removing stm32l1xx_hal_spi.o(i.HAL_SPI_Transmit_DMA), (232 bytes).
    Removing stm32l1xx_hal_spi.o(i.HAL_SPI_Transmit_IT), (204 bytes).
    Removing stm32l1xx_hal_spi.o(i.HAL_SPI_TxCpltCallback), (2 bytes).
    Removing stm32l1xx_hal_spi.o(i.HAL_SPI_TxHalfCpltCallback), (2 bytes).
    Removing stm32l1xx_hal_spi.o(i.HAL_SPI_TxRxCpltCallback), (2 bytes).
    Removing stm32l1xx_hal_spi.o(i.HAL_SPI_TxRxHalfCpltCallback), (2 bytes).
    Removing stm32l1xx_hal_spi.o(i.SPI_2LinesRxISR), (56 bytes).
    Removing stm32l1xx_hal_spi.o(i.SPI_DMAError), (34 bytes).
    Removing stm32l1xx_hal_spi.o(i.SPI_DMAHalfReceiveCplt), (14 bytes).
    Removing stm32l1xx_hal_spi.o(i.SPI_DMAHalfTransmitCplt), (14 bytes).
    Removing stm32l1xx_hal_spi.o(i.SPI_DMAHalfTransmitReceiveCplt), (14 bytes).
    Removing stm32l1xx_hal_spi.o(i.SPI_DMAReceiveCplt), (210 bytes).
    Removing stm32l1xx_hal_spi.o(i.SPI_DMATransmitCplt), (124 bytes).
    Removing stm32l1xx_hal_spi.o(i.SPI_DMATransmitReceiveCplt), (212 bytes).
    Removing stm32l1xx_hal_spi.o(i.SPI_RxCloseIRQHandler), (242 bytes).
    Removing stm32l1xx_hal_spi.o(i.SPI_RxISR), (82 bytes).
    Removing stm32l1xx_hal_spi.o(i.SPI_TxCloseIRQHandler), (158 bytes).
    Removing stm32l1xx_hal_spi.o(i.SPI_TxISR), (74 bytes).
    Removing stm32l1xx_hal_spi.o(i.SPI_WaitOnFlagUntilTimeout), (276 bytes).
    Removing stm32l1xx_hal_pwr_ex.o(.rev16_text), (4 bytes).
    Removing stm32l1xx_hal_pwr_ex.o(.revsh_text), (4 bytes).
    Removing stm32l1xx_hal_pwr_ex.o(.rrx_text), (6 bytes).
    Removing stm32l1xx_hal_pwr_ex.o(i.HAL_PWREx_DisableFastWakeUp), (28 bytes).
    Removing stm32l1xx_hal_pwr_ex.o(i.HAL_PWREx_DisableLowPowerRunMode), (40 bytes).
    Removing stm32l1xx_hal_pwr_ex.o(i.HAL_PWREx_DisableUltraLowPower), (28 bytes).
    Removing stm32l1xx_hal_pwr_ex.o(i.HAL_PWREx_EnableFastWakeUp), (24 bytes).
    Removing stm32l1xx_hal_pwr_ex.o(i.HAL_PWREx_EnableLowPowerRunMode), (36 bytes).
    Removing stm32l1xx_hal_pwr_ex.o(i.HAL_PWREx_EnableUltraLowPower), (24 bytes).
    Removing stm32l1xx_hal_spi_ex.o(.rev16_text), (4 bytes).
    Removing stm32l1xx_hal_spi_ex.o(.revsh_text), (4 bytes).
    Removing stm32l1xx_hal_spi_ex.o(.rrx_text), (6 bytes).
    Removing system_stm32l1xx.o(.rev16_text), (4 bytes).
    Removing system_stm32l1xx.o(.revsh_text), (4 bytes).
    Removing system_stm32l1xx.o(.rrx_text), (6 bytes).
    Removing system_stm32l1xx.o(i.SystemCoreClockUpdate), (220 bytes).
    Removing startup_stm32l152xe.o(HEAP), (512 bytes).
    Removing main.o(.rev16_text), (4 bytes).
    Removing main.o(.revsh_text), (4 bytes).
    Removing main.o(.rrx_text), (6 bytes).
    Removing stm32l1xx_it.o(.rev16_text), (4 bytes).
    Removing stm32l1xx_it.o(.revsh_text), (4 bytes).
    Removing stm32l1xx_it.o(.rrx_text), (6 bytes).
    Removing stm32l1xx_hal_msp.o(.rev16_text), (4 bytes).
    Removing stm32l1xx_hal_msp.o(.revsh_text), (4 bytes).
    Removing stm32l1xx_hal_msp.o(.rrx_text), (6 bytes).
    Removing stm32l1xx_hal_msp.o(i.HAL_SPI_MspDeInit), (48 bytes).
    Removing spi.o(.rev16_text), (4 bytes).
    Removing spi.o(.revsh_text), (4 bytes).
    Removing spi.o(.rrx_text), (6 bytes).
    Removing spi.o(i.BSP_SPI1_Deselect), (44 bytes).
    Removing spi.o(i.BSP_SPI1_Select), (36 bytes).
    Removing spi.o(i.BSP_SPI2_Deselect), (44 bytes).
    Removing spi.o(i.BSP_SPI2_Select), (36 bytes).
    Removing spi.o(i.BSP_SPI_Denit), (80 bytes).
    Removing spi.o(i.BSP_SPI_Init), (152 bytes).
    Removing spi.o(i.BSP_SPI_Receive), (124 bytes).
    Removing spi.o(i.BSP_SPI_Transmit), (124 bytes).
    Removing spi.o(i.HAL_SPI_RxCpltCallback), (56 bytes).
    Removing spi.o(i.HAL_SPI_TxCpltCallback), (56 bytes).
    Removing spi.o(.constdata), (24 bytes).
    Removing spi.o(.data), (72 bytes).
    Removing mpu9250.o(.rev16_text), (4 bytes).
    Removing mpu9250.o(.revsh_text), (4 bytes).
    Removing mpu9250.o(.rrx_text), (6 bytes).
    Removing mpu9250.o(i.MPU9250_Calculate_Values), (1460 bytes).
    Removing mpu9250.o(i.MPU9250_Configure), (464 bytes).
    Removing mpu9250.o(i.MPU9250_Deinit), (18 bytes).
    Removing mpu9250.o(i.MPU9250_Get_Data), (784 bytes).
    Removing mpu9250.o(i.MPU9250_Get_Status), (14 bytes).
    Removing mpu9250.o(i.MPU9250_Identify), (32 bytes).
    Removing mpu9250.o(i.MPU9250_Init), (92 bytes).
    Removing mpu9250.o(i.MPU9250_Read_Register), (80 bytes).
    Removing mpu9250.o(i.MPU9250_Write_Register), (62 bytes).
    Removing mpu9250.o(.bss), (84 bytes).
    Removing mpu9250.o(.data), (192 bytes).
    Removing stm32l1xx_hal_timebase_tim.o(.rev16_text), (4 bytes).
    Removing stm32l1xx_hal_timebase_tim.o(.revsh_text), (4 bytes).
    Removing stm32l1xx_hal_timebase_tim.o(.rrx_text), (6 bytes).
    Removing stm32l1xx_hal_timebase_tim.o(i.HAL_ResumeTick), (24 bytes).
    Removing stm32l1xx_hal_timebase_tim.o(i.HAL_SuspendTick), (24 bytes).
    Removing stm32l1xx_hal_timebase_tim.o(.data), (4 bytes).
    Removing event_groups.o(i.prvTestWaitCondition), (30 bytes).
    Removing event_groups.o(i.uxEventGroupGetNumber), (14 bytes).
    Removing event_groups.o(i.vEventGroupClearBitsCallback), (16 bytes).
    Removing event_groups.o(i.vEventGroupDelete), (68 bytes).
    Removing event_groups.o(i.vEventGroupSetBitsCallback), (16 bytes).
    Removing event_groups.o(i.xEventGroupClearBits), (64 bytes).
    Removing event_groups.o(i.xEventGroupCreate), (26 bytes).
    Removing event_groups.o(i.xEventGroupGetBitsFromISR), (28 bytes).
    Removing event_groups.o(i.xEventGroupSetBits), (178 bytes).
    Removing event_groups.o(i.xEventGroupSync), (210 bytes).
    Removing event_groups.o(i.xEventGroupWaitBits), (266 bytes).
    Removing queue.o(i.prvCopyDataFromQueue), (42 bytes).
    Removing queue.o(i.prvCopyDataToQueue), (128 bytes).
    Removing queue.o(i.prvIsQueueEmpty), (26 bytes).
    Removing queue.o(i.prvIsQueueFull), (30 bytes).
    Removing queue.o(i.prvUnlockQueue), (126 bytes).
    Removing queue.o(i.ucQueueGetQueueType), (8 bytes).
    Removing queue.o(i.uxQueueGetQueueNumber), (6 bytes).
    Removing queue.o(i.uxQueueMessagesWaiting), (28 bytes).
    Removing queue.o(i.uxQueueMessagesWaitingFromISR), (20 bytes).
    Removing queue.o(i.uxQueueSpacesAvailable), (34 bytes).
    Removing queue.o(i.vQueueAddToRegistry), (44 bytes).
    Removing queue.o(i.vQueueDelete), (30 bytes).
    Removing queue.o(i.vQueueSetQueueNumber), (4 bytes).
    Removing queue.o(i.vQueueUnregisterQueue), (44 bytes).
    Removing queue.o(i.xQueueCreateMutex), (76 bytes).
    Removing queue.o(i.xQueueGenericCreate), (106 bytes).
    Removing queue.o(i.xQueueGenericReceive), (346 bytes).
    Removing queue.o(i.xQueueGenericReset), (120 bytes).
    Removing queue.o(i.xQueueGenericSend), (322 bytes).
    Removing queue.o(i.xQueueGenericSendFromISR), (172 bytes).
    Removing queue.o(i.xQueueGiveFromISR), (148 bytes).
    Removing queue.o(i.xQueueIsQueueEmptyFromISR), (28 bytes).
    Removing queue.o(i.xQueueIsQueueFullFromISR), (32 bytes).
    Removing queue.o(i.xQueuePeekFromISR), (110 bytes).
    Removing queue.o(i.xQueueReceiveFromISR), (136 bytes).
    Removing queue.o(.bss), (64 bytes).
    Removing heap_4.o(i.vPortInitialiseBlocks), (2 bytes).
    Removing heap_4.o(i.xPortGetFreeHeapSize), (12 bytes).
    Removing heap_4.o(i.xPortGetMinimumEverFreeHeapSize), (12 bytes).
    Removing tasks.o(i.prvListTaskWithinSingleList), (176 bytes).
    Removing tasks.o(i.prvTaskCheckFreeStackSpace), (22 bytes).
    Removing tasks.o(i.prvTaskIsTaskSuspended), (76 bytes).
    Removing tasks.o(i.pvTaskIncrementMutexHeldCount), (32 bytes).
    Removing tasks.o(i.ulTaskNotifyTake), (180 bytes).
    Removing tasks.o(i.uxTaskGetNumberOfTasks), (12 bytes).
    Removing tasks.o(i.uxTaskGetSystemState), (156 bytes).
    Removing tasks.o(i.uxTaskGetTaskNumber), (14 bytes).
    Removing tasks.o(i.uxTaskPriorityGet), (36 bytes).
    Removing tasks.o(i.uxTaskPriorityGetFromISR), (48 bytes).
    Removing tasks.o(i.uxTaskResetEventItemValue), (28 bytes).
    Removing tasks.o(i.vTaskDelete), (192 bytes).
    Removing tasks.o(i.vTaskEndScheduler), (24 bytes).
    Removing tasks.o(i.vTaskMissedYield), (12 bytes).
    Removing tasks.o(i.vTaskNotifyGiveFromISR), (180 bytes).
    Removing tasks.o(i.vTaskPlaceOnEventList), (112 bytes).
    Removing tasks.o(i.vTaskPlaceOnUnorderedEventList), (152 bytes).
    Removing tasks.o(i.vTaskPriorityInherit), (176 bytes).
    Removing tasks.o(i.vTaskPrioritySet), (248 bytes).
    Removing tasks.o(i.vTaskResume), (116 bytes).
    Removing tasks.o(i.vTaskSetTaskNumber), (8 bytes).
    Removing tasks.o(i.vTaskSetTimeOutState), (36 bytes).
    Removing tasks.o(i.vTaskSuspend), (200 bytes).
    Removing tasks.o(i.xTaskCheckForTimeOut), (116 bytes).
    Removing tasks.o(i.xTaskGenericNotify), (216 bytes).
    Removing tasks.o(i.xTaskGenericNotifyFromISR), (260 bytes).
    Removing tasks.o(i.xTaskGetCurrentTaskHandle), (12 bytes).
    Removing tasks.o(i.xTaskGetTickCount), (12 bytes).
    Removing tasks.o(i.xTaskGetTickCountFromISR), (20 bytes).
    Removing tasks.o(i.xTaskNotifyStateClear), (56 bytes).
    Removing tasks.o(i.xTaskNotifyWait), (212 bytes).
    Removing tasks.o(i.xTaskPriorityDisinherit), (172 bytes).
    Removing tasks.o(i.xTaskRemoveFromEventList), (140 bytes).
    Removing tasks.o(i.xTaskRemoveFromUnorderedEventList), (148 bytes).
    Removing tasks.o(i.xTaskResumeFromISR), (148 bytes).
    Removing port.o(i.vPortEndScheduler), (36 bytes).
    Removing port.o(i.vPortValidateInterruptPriority), (92 bytes).
    Removing cmsis_os.o(.rev16_text), (4 bytes).
    Removing cmsis_os.o(.revsh_text), (4 bytes).
    Removing cmsis_os.o(i.inHandlerMode), (16 bytes).
    Removing cmsis_os.o(i.makeCmsisPriority), (18 bytes).
    Removing cmsis_os.o(i.osDelayUntil), (6 bytes).
    Removing cmsis_os.o(i.osKernelRunning), (18 bytes).
    Removing cmsis_os.o(i.osKernelSysTick), (20 bytes).
    Removing cmsis_os.o(i.osMailAlloc), (24 bytes).
    Removing cmsis_os.o(i.osMailCAlloc), (40 bytes).
    Removing cmsis_os.o(i.osMailCreate), (122 bytes).
    Removing cmsis_os.o(i.osMailFree), (22 bytes).
    Removing cmsis_os.o(i.osMailGet), (144 bytes).
    Removing cmsis_os.o(i.osMailPut), (88 bytes).
    Removing cmsis_os.o(i.osMessageCreate), (18 bytes).
    Removing cmsis_os.o(i.osMessageGet), (148 bytes).
    Removing cmsis_os.o(i.osMessagePeek), (88 bytes).
    Removing cmsis_os.o(i.osMessagePut), (88 bytes).
    Removing cmsis_os.o(i.osMutexCreate), (12 bytes).
    Removing cmsis_os.o(i.osMutexDelete), (24 bytes).
    Removing cmsis_os.o(i.osMutexRelease), (72 bytes).
    Removing cmsis_os.o(i.osMutexWait), (100 bytes).
    Removing cmsis_os.o(i.osPoolAlloc), (102 bytes).
    Removing cmsis_os.o(i.osPoolCAlloc), (22 bytes).
    Removing cmsis_os.o(i.osPoolCreate), (112 bytes).
    Removing cmsis_os.o(i.osPoolFree), (74 bytes).
    Removing cmsis_os.o(i.osRecursiveMutexCreate), (6 bytes).
    Removing cmsis_os.o(i.osRecursiveMutexRelease), (6 bytes).
    Removing cmsis_os.o(i.osRecursiveMutexWait), (6 bytes).
    Removing cmsis_os.o(i.osSemaphoreCreate), (44 bytes).
    Removing cmsis_os.o(i.osSemaphoreDelete), (24 bytes).
    Removing cmsis_os.o(i.osSemaphoreRelease), (72 bytes).
    Removing cmsis_os.o(i.osSemaphoreWait), (100 bytes).
    Removing cmsis_os.o(i.osSignalSet), (84 bytes).
    Removing cmsis_os.o(i.osSignalWait), (98 bytes).
    Removing cmsis_os.o(i.osThreadGetId), (8 bytes).
    Removing cmsis_os.o(i.osThreadGetPriority), (38 bytes).
    Removing cmsis_os.o(i.osThreadList), (6 bytes).
    Removing cmsis_os.o(i.osThreadResume), (44 bytes).
    Removing cmsis_os.o(i.osThreadResumeAll), (18 bytes).
    Removing cmsis_os.o(i.osThreadSetPriority), (26 bytes).
    Removing cmsis_os.o(i.osThreadSuspend), (14 bytes).
    Removing cmsis_os.o(i.osThreadSuspendAll), (10 bytes).
    Removing cmsis_os.o(i.osThreadTerminate), (14 bytes).
    Removing cmsis_os.o(i.osThreadYield), (10 bytes).
    Removing cmsis_os.o(i.osTimerCreate), (6 bytes).
    Removing cmsis_os.o(i.osTimerDelete), (8 bytes).
    Removing cmsis_os.o(i.osTimerStart), (8 bytes).
    Removing cmsis_os.o(i.osTimerStop), (8 bytes).
    Removing fadd.o(.text), (176 bytes).
    Removing fmul.o(.text), (100 bytes).
    Removing fflti.o(.text), (18 bytes).
    Removing fepilogue.o(.text), (110 bytes).
    Removing dadd.o(.text), (334 bytes).
    Removing dmul.o(.text), (228 bytes).
    Removing ddiv.o(.text), (222 bytes).
    Removing dfixul.o(.text), (48 bytes).
    Removing cdrcmple.o(.text), (48 bytes).
    Removing depilogue.o(.text), (186 bytes).

508 unused section(s) (total 38816 bytes) removed from the image.

==============================================================================

Image Symbol Table

    Local Symbols

    Symbol Name                              Value     Ov Type        Size  Object(Section)

    ../Drivers/STM32L1xx_HAL_Driver/Src/stm32l1xx_hal.c 0x00000000   Number         0  stm32l1xx_hal.o ABSOLUTE
    ../Drivers/STM32L1xx_HAL_Driver/Src/stm32l1xx_hal_cortex.c 0x00000000   Number         0  stm32l1xx_hal_cortex.o ABSOLUTE
    ../Drivers/STM32L1xx_HAL_Driver/Src/stm32l1xx_hal_dma.c 0x00000000   Number         0  stm32l1xx_hal_dma.o ABSOLUTE
    ../Drivers/STM32L1xx_HAL_Driver/Src/stm32l1xx_hal_flash.c 0x00000000   Number         0  stm32l1xx_hal_flash.o ABSOLUTE
    ../Drivers/STM32L1xx_HAL_Driver/Src/stm32l1xx_hal_flash_ex.c 0x00000000   Number         0  stm32l1xx_hal_flash_ex.o ABSOLUTE
    ../Drivers/STM32L1xx_HAL_Driver/Src/stm32l1xx_hal_flash_ramfunc.c 0x00000000   Number         0  stm32l1xx_hal_flash_ramfunc.o ABSOLUTE
    ../Drivers/STM32L1xx_HAL_Driver/Src/stm32l1xx_hal_gpio.c 0x00000000   Number         0  stm32l1xx_hal_gpio.o ABSOLUTE
    ../Drivers/STM32L1xx_HAL_Driver/Src/stm32l1xx_hal_pwr.c 0x00000000   Number         0  stm32l1xx_hal_pwr.o ABSOLUTE
    ../Drivers/STM32L1xx_HAL_Driver/Src/stm32l1xx_hal_pwr_ex.c 0x00000000   Number         0  stm32l1xx_hal_pwr_ex.o ABSOLUTE
    ../Drivers/STM32L1xx_HAL_Driver/Src/stm32l1xx_hal_rcc.c 0x00000000   Number         0  stm32l1xx_hal_rcc.o ABSOLUTE
    ../Drivers/STM32L1xx_HAL_Driver/Src/stm32l1xx_hal_rcc_ex.c 0x00000000   Number         0  stm32l1xx_hal_rcc_ex.o ABSOLUTE
    ../Drivers/STM32L1xx_HAL_Driver/Src/stm32l1xx_hal_spi.c 0x00000000   Number         0  stm32l1xx_hal_spi.o ABSOLUTE
    ../Drivers/STM32L1xx_HAL_Driver/Src/stm32l1xx_hal_spi_ex.c 0x00000000   Number         0  stm32l1xx_hal_spi_ex.o ABSOLUTE
    ../Drivers/STM32L1xx_HAL_Driver/Src/stm32l1xx_hal_tim.c 0x00000000   Number         0  stm32l1xx_hal_tim.o ABSOLUTE
    ../Drivers/STM32L1xx_HAL_Driver/Src/stm32l1xx_hal_tim_ex.c 0x00000000   Number         0  stm32l1xx_hal_tim_ex.o ABSOLUTE
    ../Middlewares/Third_Party/FreeRTOS/Source/CMSIS_RTOS/cmsis_os.c 0x00000000   Number         0  cmsis_os.o ABSOLUTE
    ../Middlewares/Third_Party/FreeRTOS/Source/croutine.c 0x00000000   Number         0  croutine.o ABSOLUTE
    ../Middlewares/Third_Party/FreeRTOS/Source/event_groups.c 0x00000000   Number         0  event_groups.o ABSOLUTE
    ../Middlewares/Third_Party/FreeRTOS/Source/list.c 0x00000000   Number         0  list.o ABSOLUTE
    ../Middlewares/Third_Party/FreeRTOS/Source/portable/MemMang/heap_4.c 0x00000000   Number         0  heap_4.o ABSOLUTE
    ../Middlewares/Third_Party/FreeRTOS/Source/portable/RVDS/ARM_CM3/port.c 0x00000000   Number         0  port.o ABSOLUTE
    ../Middlewares/Third_Party/FreeRTOS/Source/queue.c 0x00000000   Number         0  queue.o ABSOLUTE
    ../Middlewares/Third_Party/FreeRTOS/Source/tasks.c 0x00000000   Number         0  tasks.o ABSOLUTE
    ../Middlewares/Third_Party/FreeRTOS/Source/timers.c 0x00000000   Number         0  timers.o ABSOLUTE
    ../Src/freertos.c                        0x00000000   Number         0  freertos.o ABSOLUTE
    ../Src/main.c                            0x00000000   Number         0  main.o ABSOLUTE
    ../Src/stm32l1xx_hal_msp.c               0x00000000   Number         0  stm32l1xx_hal_msp.o ABSOLUTE
    ../Src/stm32l1xx_hal_timebase_TIM.c      0x00000000   Number         0  stm32l1xx_hal_timebase_tim.o ABSOLUTE
    ../Src/stm32l1xx_it.c                    0x00000000   Number         0  stm32l1xx_it.o ABSOLUTE
    ../Src/system_stm32l1xx.c                0x00000000   Number         0  system_stm32l1xx.o ABSOLUTE
    ../clib/microlib/division.c              0x00000000   Number         0  uldiv.o ABSOLUTE
    ../clib/microlib/division.c              0x00000000   Number         0  uidiv.o ABSOLUTE
    ../clib/microlib/init/entry.s            0x00000000   Number         0  entry10b.o ABSOLUTE
    ../clib/microlib/init/entry.s            0x00000000   Number         0  entry7a.o ABSOLUTE
    ../clib/microlib/init/entry.s            0x00000000   Number         0  entry8a.o ABSOLUTE
    ../clib/microlib/init/entry.s            0x00000000   Number         0  entry7b.o ABSOLUTE
    ../clib/microlib/init/entry.s            0x00000000   Number         0  entry8b.o ABSOLUTE
    ../clib/microlib/init/entry.s            0x00000000   Number         0  entry11b.o ABSOLUTE
    ../clib/microlib/init/entry.s            0x00000000   Number         0  entry2.o ABSOLUTE
    ../clib/microlib/init/entry.s            0x00000000   Number         0  entry11a.o ABSOLUTE
    ../clib/microlib/init/entry.s            0x00000000   Number         0  entry.o ABSOLUTE
    ../clib/microlib/init/entry.s            0x00000000   Number         0  entry10a.o ABSOLUTE
    ../clib/microlib/init/entry.s            0x00000000   Number         0  entry5.o ABSOLUTE
    ../clib/microlib/init/entry.s            0x00000000   Number         0  entry9b.o ABSOLUTE
    ../clib/microlib/init/entry.s            0x00000000   Number         0  entry9a.o ABSOLUTE
    ../clib/microlib/longlong.c              0x00000000   Number         0  llsshr.o ABSOLUTE
    ../clib/microlib/longlong.c              0x00000000   Number         0  llshl.o ABSOLUTE
    ../clib/microlib/longlong.c              0x00000000   Number         0  llushr.o ABSOLUTE
    ../clib/microlib/printf/printf.c         0x00000000   Number         0  printf0.o ABSOLUTE
    ../clib/microlib/printf/printf.c         0x00000000   Number         0  printfb.o ABSOLUTE
    ../clib/microlib/printf/printf.c         0x00000000   Number         0  printf8.o ABSOLUTE
    ../clib/microlib/printf/printf.c         0x00000000   Number         0  printfa.o ABSOLUTE
    ../clib/microlib/printf/printf.c         0x00000000   Number         0  printf3.o ABSOLUTE
    ../clib/microlib/printf/printf.c         0x00000000   Number         0  printf7.o ABSOLUTE
    ../clib/microlib/printf/printf.c         0x00000000   Number         0  printf6.o ABSOLUTE
    ../clib/microlib/printf/printf.c         0x00000000   Number         0  printf5.o ABSOLUTE
    ../clib/microlib/printf/printf.c         0x00000000   Number         0  printf4.o ABSOLUTE
    ../clib/microlib/printf/printf.c         0x00000000   Number         0  printf2.o ABSOLUTE
    ../clib/microlib/printf/printf.c         0x00000000   Number         0  printf1.o ABSOLUTE
    ../clib/microlib/string/memcpy.c         0x00000000   Number         0  memcpya.o ABSOLUTE
    ../clib/microlib/string/memcpy.c         0x00000000   Number         0  memcpyb.o ABSOLUTE
    ../clib/microlib/string/memset.c         0x00000000   Number         0  memseta.o ABSOLUTE
    ../clib/microlib/stubs.s                 0x00000000   Number         0  iusefp.o ABSOLUTE
    ../fplib/microlib/fpadd.c                0x00000000   Number         0  fadd.o ABSOLUTE
    ../fplib/microlib/fpadd.c                0x00000000   Number         0  dadd.o ABSOLUTE
    ../fplib/microlib/fpdiv.c                0x00000000   Number         0  ddiv.o ABSOLUTE
    ../fplib/microlib/fpepilogue.c           0x00000000   Number         0  depilogue.o ABSOLUTE
    ../fplib/microlib/fpepilogue.c           0x00000000   Number         0  fepilogue.o ABSOLUTE
    ../fplib/microlib/fpfix.c                0x00000000   Number         0  dfixul.o ABSOLUTE
    ../fplib/microlib/fpflt.c                0x00000000   Number         0  fflti.o ABSOLUTE
    ../fplib/microlib/fpmul.c                0x00000000   Number         0  fmul.o ABSOLUTE
    ../fplib/microlib/fpmul.c                0x00000000   Number         0  dmul.o ABSOLUTE
    ..\..\..\..\MPU9250.c                    0x00000000   Number         0  mpu9250.o ABSOLUTE
    ..\..\..\..\spi.c                        0x00000000   Number         0  spi.o ABSOLUTE
    ..\Drivers\STM32L1xx_HAL_Driver\Src\stm32l1xx_hal.c 0x00000000   Number         0  stm32l1xx_hal.o ABSOLUTE
    ..\Drivers\STM32L1xx_HAL_Driver\Src\stm32l1xx_hal_cortex.c 0x00000000   Number         0  stm32l1xx_hal_cortex.o ABSOLUTE
    ..\Drivers\STM32L1xx_HAL_Driver\Src\stm32l1xx_hal_dma.c 0x00000000   Number         0  stm32l1xx_hal_dma.o ABSOLUTE
    ..\Drivers\STM32L1xx_HAL_Driver\Src\stm32l1xx_hal_flash.c 0x00000000   Number         0  stm32l1xx_hal_flash.o ABSOLUTE
    ..\Drivers\STM32L1xx_HAL_Driver\Src\stm32l1xx_hal_flash_ex.c 0x00000000   Number         0  stm32l1xx_hal_flash_ex.o ABSOLUTE
    ..\Drivers\STM32L1xx_HAL_Driver\Src\stm32l1xx_hal_flash_ramfunc.c 0x00000000   Number         0  stm32l1xx_hal_flash_ramfunc.o ABSOLUTE
    ..\Drivers\STM32L1xx_HAL_Driver\Src\stm32l1xx_hal_gpio.c 0x00000000   Number         0  stm32l1xx_hal_gpio.o ABSOLUTE
    ..\Drivers\STM32L1xx_HAL_Driver\Src\stm32l1xx_hal_pwr.c 0x00000000   Number         0  stm32l1xx_hal_pwr.o ABSOLUTE
    ..\Drivers\STM32L1xx_HAL_Driver\Src\stm32l1xx_hal_pwr_ex.c 0x00000000   Number         0  stm32l1xx_hal_pwr_ex.o ABSOLUTE
    ..\Drivers\STM32L1xx_HAL_Driver\Src\stm32l1xx_hal_rcc.c 0x00000000   Number         0  stm32l1xx_hal_rcc.o ABSOLUTE
    ..\Drivers\STM32L1xx_HAL_Driver\Src\stm32l1xx_hal_rcc_ex.c 0x00000000   Number         0  stm32l1xx_hal_rcc_ex.o ABSOLUTE
    ..\Drivers\STM32L1xx_HAL_Driver\Src\stm32l1xx_hal_spi.c 0x00000000   Number         0  stm32l1xx_hal_spi.o ABSOLUTE
    ..\Drivers\STM32L1xx_HAL_Driver\Src\stm32l1xx_hal_spi_ex.c 0x00000000   Number         0  stm32l1xx_hal_spi_ex.o ABSOLUTE
    ..\Drivers\STM32L1xx_HAL_Driver\Src\stm32l1xx_hal_tim.c 0x00000000   Number         0  stm32l1xx_hal_tim.o ABSOLUTE
    ..\Drivers\STM32L1xx_HAL_Driver\Src\stm32l1xx_hal_tim_ex.c 0x00000000   Number         0  stm32l1xx_hal_tim_ex.o ABSOLUTE
    ..\Middlewares\Third_Party\FreeRTOS\Source\CMSIS_RTOS\cmsis_os.c 0x00000000   Number         0  cmsis_os.o ABSOLUTE
    ..\Middlewares\Third_Party\FreeRTOS\Source\portable\RVDS\ARM_CM3\port.c 0x00000000   Number         0  port.o ABSOLUTE
    ..\Src\main.c                            0x00000000   Number         0  main.o ABSOLUTE
    ..\Src\stm32l1xx_hal_msp.c               0x00000000   Number         0  stm32l1xx_hal_msp.o ABSOLUTE
    ..\Src\stm32l1xx_hal_timebase_TIM.c      0x00000000   Number         0  stm32l1xx_hal_timebase_tim.o ABSOLUTE
    ..\Src\stm32l1xx_it.c                    0x00000000   Number         0  stm32l1xx_it.o ABSOLUTE
    ..\Src\system_stm32l1xx.c                0x00000000   Number         0  system_stm32l1xx.o ABSOLUTE
    ..\\..\\..\\..\\MPU9250.c                0x00000000   Number         0  mpu9250.o ABSOLUTE
    ..\\..\\..\\..\\spi.c                    0x00000000   Number         0  spi.o ABSOLUTE
    cdrcmple.s                               0x00000000   Number         0  cdrcmple.o ABSOLUTE
    dc.s                                     0x00000000   Number         0  dc.o ABSOLUTE
    handlers.s                               0x00000000   Number         0  handlers.o ABSOLUTE
    init.s                                   0x00000000   Number         0  init.o ABSOLUTE
    startup_stm32l152xe.s                    0x00000000   Number         0  startup_stm32l152xe.o ABSOLUTE
    RESET                                    0x08000000   Section      292  startup_stm32l152xe.o(RESET)
    .ARM.Collect$$$$00000000                 0x08000124   Section        0  entry.o(.ARM.Collect$$$$00000000)
    .ARM.Collect$$$$00000001                 0x08000124   Section        4  entry2.o(.ARM.Collect$$$$00000001)
    .ARM.Collect$$$$00000004                 0x08000128   Section        4  entry5.o(.ARM.Collect$$$$00000004)
    .ARM.Collect$$$$00000008                 0x0800012c   Section        0  entry7b.o(.ARM.Collect$$$$00000008)
    .ARM.Collect$$$$0000000A                 0x0800012c   Section        0  entry8b.o(.ARM.Collect$$$$0000000A)
    .ARM.Collect$$$$0000000B                 0x0800012c   Section        8  entry9a.o(.ARM.Collect$$$$0000000B)
    .ARM.Collect$$$$0000000D                 0x08000134   Section        0  entry10a.o(.ARM.Collect$$$$0000000D)
    .ARM.Collect$$$$0000000F                 0x08000134   Section        0  entry11a.o(.ARM.Collect$$$$0000000F)
    .ARM.Collect$$$$00002712                 0x08000134   Section        4  entry2.o(.ARM.Collect$$$$00002712)
    __lit__00000000                          0x08000134   Data           4  entry2.o(.ARM.Collect$$$$00002712)
    .emb_text                                0x08000138   Section      162  port.o(.emb_text)
    .text                                    0x080001dc   Section       36  startup_stm32l152xe.o(.text)
    .text                                    0x08000200   Section        0  memcpya.o(.text)
    .text                                    0x08000224   Section        0  memseta.o(.text)
    .text                                    0x08000248   Section       36  init.o(.text)
    i.Error_Handler                          0x0800026c   Section        0  main.o(i.Error_Handler)
    i.HAL_GPIO_Init                          0x08000270   Section        0  stm32l1xx_hal_gpio.o(i.HAL_GPIO_Init)
    i.HAL_GPIO_WritePin                      0x0800045c   Section        0  stm32l1xx_hal_gpio.o(i.HAL_GPIO_WritePin)
    i.HAL_GetTick                            0x08000468   Section        0  stm32l1xx_hal.o(i.HAL_GetTick)
    i.HAL_IncTick                            0x08000474   Section        0  stm32l1xx_hal.o(i.HAL_IncTick)
    i.HAL_Init                               0x08000484   Section        0  stm32l1xx_hal.o(i.HAL_Init)
    i.HAL_InitTick                           0x0800049c   Section        0  stm32l1xx_hal_timebase_tim.o(i.HAL_InitTick)
    i.HAL_MspInit                            0x08000520   Section        0  stm32l1xx_hal_msp.o(i.HAL_MspInit)
    i.HAL_NVIC_EnableIRQ                     0x080005d0   Section        0  stm32l1xx_hal_cortex.o(i.HAL_NVIC_EnableIRQ)
    i.HAL_NVIC_SetPriority                   0x080005ea   Section        0  stm32l1xx_hal_cortex.o(i.HAL_NVIC_SetPriority)
    i.HAL_NVIC_SetPriorityGrouping           0x08000668   Section        0  stm32l1xx_hal_cortex.o(i.HAL_NVIC_SetPriorityGrouping)
    i.HAL_PWREx_GetVoltageRange              0x08000690   Section        0  stm32l1xx_hal_pwr_ex.o(i.HAL_PWREx_GetVoltageRange)
    i.HAL_RCC_ClockConfig                    0x080006a0   Section        0  stm32l1xx_hal_rcc.o(i.HAL_RCC_ClockConfig)
    i.HAL_RCC_GetClockConfig                 0x08000988   Section        0  stm32l1xx_hal_rcc.o(i.HAL_RCC_GetClockConfig)
    i.HAL_RCC_GetHCLKFreq                    0x080009cc   Section        0  stm32l1xx_hal_rcc.o(i.HAL_RCC_GetHCLKFreq)
    i.HAL_RCC_GetPCLK1Freq                   0x080009d8   Section        0  stm32l1xx_hal_rcc.o(i.HAL_RCC_GetPCLK1Freq)
    i.HAL_RCC_GetSysClockFreq                0x08000a04   Section        0  stm32l1xx_hal_rcc.o(i.HAL_RCC_GetSysClockFreq)
    i.HAL_RCC_OscConfig                      0x08000ab8   Section        0  stm32l1xx_hal_rcc.o(i.HAL_RCC_OscConfig)
    i.HAL_SPI_Init                           0x08001474   Section        0  stm32l1xx_hal_spi_ex.o(i.HAL_SPI_Init)
    i.HAL_SPI_MspInit                        0x080014fc   Section        0  stm32l1xx_hal_msp.o(i.HAL_SPI_MspInit)
    i.HAL_SYSTICK_CLKSourceConfig            0x08001554   Section        0  stm32l1xx_hal_cortex.o(i.HAL_SYSTICK_CLKSourceConfig)
    i.HAL_SYSTICK_Config                     0x0800157c   Section        0  stm32l1xx_hal_cortex.o(i.HAL_SYSTICK_Config)
    i.HAL_TIM_Base_Init                      0x080015b0   Section        0  stm32l1xx_hal_tim.o(i.HAL_TIM_Base_Init)
    i.HAL_TIM_Base_MspInit                   0x080015e4   Section        0  stm32l1xx_hal_tim.o(i.HAL_TIM_Base_MspInit)
    i.HAL_TIM_Base_Start_IT                  0x080015e6   Section        0  stm32l1xx_hal_tim.o(i.HAL_TIM_Base_Start_IT)
    i.HAL_TIM_IC_CaptureCallback             0x08001604   Section        0  stm32l1xx_hal_tim.o(i.HAL_TIM_IC_CaptureCallback)
    i.HAL_TIM_IRQHandler                     0x08001606   Section        0  stm32l1xx_hal_tim.o(i.HAL_TIM_IRQHandler)
    i.HAL_TIM_OC_DelayElapsedCallback        0x08001758   Section        0  stm32l1xx_hal_tim.o(i.HAL_TIM_OC_DelayElapsedCallback)
    i.HAL_TIM_PWM_PulseFinishedCallback      0x0800175a   Section        0  stm32l1xx_hal_tim.o(i.HAL_TIM_PWM_PulseFinishedCallback)
    i.HAL_TIM_PeriodElapsedCallback          0x0800175c   Section        0  main.o(i.HAL_TIM_PeriodElapsedCallback)
    i.HAL_TIM_TriggerCallback                0x0800176e   Section        0  stm32l1xx_hal_tim.o(i.HAL_TIM_TriggerCallback)
    i.MX_GPIO_Init                           0x08001770   Section        0  main.o(i.MX_GPIO_Init)
    MX_GPIO_Init                             0x08001771   Thumb Code    94  main.o(i.MX_GPIO_Init)
    i.MX_SPI1_Init                           0x080017d8   Section        0  main.o(i.MX_SPI1_Init)
    MX_SPI1_Init                             0x080017d9   Thumb Code    60  main.o(i.MX_SPI1_Init)
    i.NVIC_GetPriorityGrouping               0x0800181c   Section        0  stm32l1xx_hal_cortex.o(i.NVIC_GetPriorityGrouping)
    NVIC_GetPriorityGrouping                 0x0800181d   Thumb Code    10  stm32l1xx_hal_cortex.o(i.NVIC_GetPriorityGrouping)
    i.NVIC_SetPriority                       0x0800182c   Section        0  stm32l1xx_hal_cortex.o(i.NVIC_SetPriority)
    NVIC_SetPriority                         0x0800182d   Thumb Code    32  stm32l1xx_hal_cortex.o(i.NVIC_SetPriority)
    i.RCC_SetFlashLatencyFromMSIRange        0x08001854   Section        0  stm32l1xx_hal_rcc.o(i.RCC_SetFlashLatencyFromMSIRange)
    RCC_SetFlashLatencyFromMSIRange          0x08001855   Thumb Code   160  stm32l1xx_hal_rcc.o(i.RCC_SetFlashLatencyFromMSIRange)
    i.StartDefaultTask                       0x080018fc   Section        0  main.o(i.StartDefaultTask)
    i.SysTick_Handler                        0x08001906   Section        0  stm32l1xx_it.o(i.SysTick_Handler)
    i.SystemClock_Config                     0x08001910   Section        0  main.o(i.SystemClock_Config)
    i.SystemInit                             0x08001994   Section        0  system_stm32l1xx.o(i.SystemInit)
    i.TIM2_IRQHandler                        0x080019f8   Section        0  stm32l1xx_it.o(i.TIM2_IRQHandler)
    i.TIM_Base_SetConfig                     0x08001a08   Section        0  stm32l1xx_hal_tim.o(i.TIM_Base_SetConfig)
    TIM_Base_SetConfig                       0x08001a09   Thumb Code   108  stm32l1xx_hal_tim.o(i.TIM_Base_SetConfig)
    i.__0printf$bare                         0x08001a8c   Section        0  printfb.o(i.__0printf$bare)
    i.__scatterload_copy                     0x08001a9c   Section       14  handlers.o(i.__scatterload_copy)
    i.__scatterload_null                     0x08001aaa   Section        2  handlers.o(i.__scatterload_null)
    i.__scatterload_zeroinit                 0x08001aac   Section       14  handlers.o(i.__scatterload_zeroinit)
    i._printf_core                           0x08001aba   Section        0  printfb.o(i._printf_core)
    _printf_core                             0x08001abb   Thumb Code    34  printfb.o(i._printf_core)
    i.fputc                                  0x08001adc   Section        0  main.o(i.fputc)
    i.main                                   0x08001b00   Section        0  main.o(i.main)
    i.makeFreeRtosPriority                   0x08001b50   Section        0  cmsis_os.o(i.makeFreeRtosPriority)
    makeFreeRtosPriority                     0x08001b51   Thumb Code    14  cmsis_os.o(i.makeFreeRtosPriority)
    i.osDelay                                0x08001b5e   Section        0  cmsis_os.o(i.osDelay)
    i.osKernelStart                          0x08001b76   Section        0  cmsis_os.o(i.osKernelStart)
    i.osSystickHandler                       0x08001b80   Section        0  cmsis_os.o(i.osSystickHandler)
    i.osThreadCreate                         0x08001b90   Section        0  cmsis_os.o(i.osThreadCreate)
    i.prvAddCurrentTaskToDelayedList         0x08001bcc   Section        0  tasks.o(i.prvAddCurrentTaskToDelayedList)
    prvAddCurrentTaskToDelayedList           0x08001bcd   Thumb Code    62  tasks.o(i.prvAddCurrentTaskToDelayedList)
    i.prvAllocateTCBAndStack                 0x08001c20   Section        0  tasks.o(i.prvAllocateTCBAndStack)
    prvAllocateTCBAndStack                   0x08001c21   Thumb Code    66  tasks.o(i.prvAllocateTCBAndStack)
    i.prvCheckTasksWaitingTermination        0x08001c64   Section        0  tasks.o(i.prvCheckTasksWaitingTermination)
    prvCheckTasksWaitingTermination          0x08001c65   Thumb Code    86  tasks.o(i.prvCheckTasksWaitingTermination)
    i.prvDeleteTCB                           0x08001cc8   Section        0  tasks.o(i.prvDeleteTCB)
    prvDeleteTCB                             0x08001cc9   Thumb Code    18  tasks.o(i.prvDeleteTCB)
    i.prvHeapInit                            0x08001cdc   Section        0  heap_4.o(i.prvHeapInit)
    prvHeapInit                              0x08001cdd   Thumb Code    98  heap_4.o(i.prvHeapInit)
    i.prvIdleTask                            0x08001d58   Section        0  tasks.o(i.prvIdleTask)
    prvIdleTask                              0x08001d59   Thumb Code    20  tasks.o(i.prvIdleTask)
    i.prvInitialiseTCBVariables              0x08001d70   Section        0  tasks.o(i.prvInitialiseTCBVariables)
    prvInitialiseTCBVariables                0x08001d71   Thumb Code    98  tasks.o(i.prvInitialiseTCBVariables)
    i.prvInitialiseTaskLists                 0x08001dd4   Section        0  tasks.o(i.prvInitialiseTaskLists)
    prvInitialiseTaskLists                   0x08001dd5   Thumb Code    70  tasks.o(i.prvInitialiseTaskLists)
    i.prvInsertBlockIntoFreeList             0x08001e3c   Section        0  heap_4.o(i.prvInsertBlockIntoFreeList)
    prvInsertBlockIntoFreeList               0x08001e3d   Thumb Code    96  heap_4.o(i.prvInsertBlockIntoFreeList)
    i.prvResetNextTaskUnblockTime            0x08001ea4   Section        0  tasks.o(i.prvResetNextTaskUnblockTime)
    prvResetNextTaskUnblockTime              0x08001ea5   Thumb Code    42  tasks.o(i.prvResetNextTaskUnblockTime)
    i.prvTaskExitError                       0x08001ed8   Section        0  port.o(i.prvTaskExitError)
    prvTaskExitError                         0x08001ed9   Thumb Code    32  port.o(i.prvTaskExitError)
    i.pvPortMalloc                           0x08001efc   Section        0  heap_4.o(i.pvPortMalloc)
    i.pxPortInitialiseStack                  0x08002010   Section        0  port.o(i.pxPortInitialiseStack)
    i.uxListRemove                           0x08002030   Section        0  list.o(i.uxListRemove)
    i.vListInitialise                        0x08002058   Section        0  list.o(i.vListInitialise)
    i.vListInitialiseItem                    0x08002072   Section        0  list.o(i.vListInitialiseItem)
    i.vListInsert                            0x08002078   Section        0  list.o(i.vListInsert)
    i.vListInsertEnd                         0x080020ac   Section        0  list.o(i.vListInsertEnd)
    i.vPortEnterCritical                     0x080020c4   Section        0  port.o(i.vPortEnterCritical)
    i.vPortExitCritical                      0x08002108   Section        0  port.o(i.vPortExitCritical)
    i.vPortFree                              0x08002134   Section        0  heap_4.o(i.vPortFree)
    i.vPortSetupTimerInterrupt               0x080021ac   Section        0  port.o(i.vPortSetupTimerInterrupt)
    i.vPortYield                             0x080021cc   Section        0  port.o(i.vPortYield)
    i.vTaskDelay                             0x080021e4   Section        0  tasks.o(i.vTaskDelay)
    i.vTaskStartScheduler                    0x08002254   Section        0  tasks.o(i.vTaskStartScheduler)
    i.vTaskSuspendAll                        0x080022b4   Section        0  tasks.o(i.vTaskSuspendAll)
    i.vTaskSwitchContext                     0x080022c4   Section        0  tasks.o(i.vTaskSwitchContext)
    i.xPortStartScheduler                    0x08002344   Section        0  port.o(i.xPortStartScheduler)
    i.xPortSysTickHandler                    0x080023e4   Section        0  port.o(i.xPortSysTickHandler)
    i.xTaskGenericCreate                     0x08002404   Section        0  tasks.o(i.xTaskGenericCreate)
    i.xTaskGetSchedulerState                 0x0800253c   Section        0  tasks.o(i.xTaskGetSchedulerState)
    i.xTaskIncrementTick                     0x0800255c   Section        0  tasks.o(i.xTaskIncrementTick)
    i.xTaskResumeAll                         0x08002698   Section        0  tasks.o(i.xTaskResumeAll)
    .constdata                               0x08002780   Section       33  system_stm32l1xx.o(.constdata)
    .constdata                               0x080027a4   Section       20  main.o(.constdata)
    .conststring                             0x080027b8   Section       12  main.o(.conststring)
    .data                                    0x20000000   Section        4  stm32l1xx_hal.o(.data)
    .data                                    0x20000004   Section        4  system_stm32l1xx.o(.data)
    .data                                    0x20000008   Section       12  main.o(.data)
    .data                                    0x20000014   Section       24  heap_4.o(.data)
    xStart                                   0x20000014   Data           8  heap_4.o(.data)
    pxEnd                                    0x2000001c   Data           4  heap_4.o(.data)
    xFreeBytesRemaining                      0x20000020   Data           4  heap_4.o(.data)
    xMinimumEverFreeBytesRemaining           0x20000024   Data           4  heap_4.o(.data)
    xBlockAllocatedBit                       0x20000028   Data           4  heap_4.o(.data)
    .data                                    0x2000002c   Section       56  tasks.o(.data)
    pxDelayedTaskList                        0x20000030   Data           4  tasks.o(.data)
    pxOverflowDelayedTaskList                0x20000034   Data           4  tasks.o(.data)
    uxTasksDeleted                           0x20000038   Data           4  tasks.o(.data)
    uxCurrentNumberOfTasks                   0x2000003c   Data           4  tasks.o(.data)
    xTickCount                               0x20000040   Data           4  tasks.o(.data)
    uxTopReadyPriority                       0x20000044   Data           4  tasks.o(.data)
    xSchedulerRunning                        0x20000048   Data           4  tasks.o(.data)
    uxPendedTicks                            0x2000004c   Data           4  tasks.o(.data)
    xYieldPending                            0x20000050   Data           4  tasks.o(.data)
    xNumOfOverflows                          0x20000054   Data           4  tasks.o(.data)
    uxTaskNumber                             0x20000058   Data           4  tasks.o(.data)
    xNextTaskUnblockTime                     0x2000005c   Data           4  tasks.o(.data)
    uxSchedulerSuspended                     0x20000060   Data           4  tasks.o(.data)
    .data                                    0x20000064   Section       12  port.o(.data)
    uxCriticalNesting                        0x20000064   Data           4  port.o(.data)
    ucMaxSysCallPriority                     0x20000068   Data           1  port.o(.data)
    ulMaxPRIGROUPValue                       0x2000006c   Data           4  port.o(.data)
    .bss                                     0x20000070   Section       88  main.o(.bss)
    .bss                                     0x200000c8   Section       56  stm32l1xx_hal_timebase_tim.o(.bss)
    .bss                                     0x20000100   Section     3072  heap_4.o(.bss)
    ucHeap                                   0x20000100   Data        3072  heap_4.o(.bss)
    .bss                                     0x20000d00   Section      240  tasks.o(.bss)
    pxReadyTasksLists                        0x20000d00   Data         140  tasks.o(.bss)
    xDelayedTaskList1                        0x20000d8c   Data          20  tasks.o(.bss)
    xDelayedTaskList2                        0x20000da0   Data          20  tasks.o(.bss)
    xPendingReadyList                        0x20000db4   Data          20  tasks.o(.bss)
    xTasksWaitingTermination                 0x20000dc8   Data          20  tasks.o(.bss)
    xSuspendedTaskList                       0x20000ddc   Data          20  tasks.o(.bss)
    STACK                                    0x20000df0   Section     1024  startup_stm32l152xe.o(STACK)

    Global Symbols

    Symbol Name                              Value     Ov Type        Size  Object(Section)

    BuildAttributes$$THM_ISAv4$P$D$K$B$S$PE$A:L22UL41UL21$X:L11$S22US41US21$IEEE1$IW$USESV6$~STKCKD$USESV7$~SHL$OTIME$ROPI$EBA8$MICROLIB$REQ8$PRES8$EABIv2 0x00000000   Number         0  anon$$obj.o ABSOLUTE
    __ARM_use_no_argv                        0x00000000   Number         0  main.o ABSOLUTE
    __cpp_initialize__aeabi_                  - Undefined Weak Reference
    __cxa_finalize                            - Undefined Weak Reference
    __decompress                              - Undefined Weak Reference
    _clock_init                               - Undefined Weak Reference
    _microlib_exit                            - Undefined Weak Reference
    __Vectors_Size                           0x00000124   Number         0  startup_stm32l152xe.o ABSOLUTE
    __Vectors                                0x08000000   Data           4  startup_stm32l152xe.o(RESET)
    __Vectors_End                            0x08000124   Data           0  startup_stm32l152xe.o(RESET)
    __main                                   0x08000125   Thumb Code     0  entry.o(.ARM.Collect$$$$00000000)
    _main_stk                                0x08000125   Thumb Code     0  entry2.o(.ARM.Collect$$$$00000001)
    _main_scatterload                        0x08000129   Thumb Code     0  entry5.o(.ARM.Collect$$$$00000004)
    __main_after_scatterload                 0x0800012d   Thumb Code     0  entry5.o(.ARM.Collect$$$$00000004)
    _main_clock                              0x0800012d   Thumb Code     0  entry7b.o(.ARM.Collect$$$$00000008)
    _main_cpp_init                           0x0800012d   Thumb Code     0  entry8b.o(.ARM.Collect$$$$0000000A)
    _main_init                               0x0800012d   Thumb Code     0  entry9a.o(.ARM.Collect$$$$0000000B)
    __rt_final_cpp                           0x08000135   Thumb Code     0  entry10a.o(.ARM.Collect$$$$0000000D)
    __rt_final_exit                          0x08000135   Thumb Code     0  entry11a.o(.ARM.Collect$$$$0000000F)
    SVC_Handler                              0x08000139   Thumb Code    32  port.o(.emb_text)
    __asm___6_port_c_39a90d8d__prvStartFirstTask 0x0800015d   Thumb Code    28  port.o(.emb_text)
    PendSV_Handler                           0x0800017d   Thumb Code    64  port.o(.emb_text)
    ulPortSetInterruptMask                   0x080001c1   Thumb Code    14  port.o(.emb_text)
    vPortClearInterruptMask                  0x080001cf   Thumb Code     6  port.o(.emb_text)
    vPortGetIPSR                             0x080001d5   Thumb Code     6  port.o(.emb_text)
    Reset_Handler                            0x080001dd   Thumb Code     8  startup_stm32l152xe.o(.text)
    NMI_Handler                              0x080001e5   Thumb Code     2  startup_stm32l152xe.o(.text)
    HardFault_Handler                        0x080001e7   Thumb Code     2  startup_stm32l152xe.o(.text)
    MemManage_Handler                        0x080001e9   Thumb Code     2  startup_stm32l152xe.o(.text)
    BusFault_Handler                         0x080001eb   Thumb Code     2  startup_stm32l152xe.o(.text)
    UsageFault_Handler                       0x080001ed   Thumb Code     2  startup_stm32l152xe.o(.text)
    DebugMon_Handler                         0x080001f1   Thumb Code     2  startup_stm32l152xe.o(.text)
    ADC1_IRQHandler                          0x080001f7   Thumb Code     0  startup_stm32l152xe.o(.text)
    COMP_ACQ_IRQHandler                      0x080001f7   Thumb Code     0  startup_stm32l152xe.o(.text)
    COMP_IRQHandler                          0x080001f7   Thumb Code     0  startup_stm32l152xe.o(.text)
    DAC_IRQHandler                           0x080001f7   Thumb Code     0  startup_stm32l152xe.o(.text)
    DMA1_Channel1_IRQHandler                 0x080001f7   Thumb Code     0  startup_stm32l152xe.o(.text)
    DMA1_Channel2_IRQHandler                 0x080001f7   Thumb Code     0  startup_stm32l152xe.o(.text)
    DMA1_Channel3_IRQHandler                 0x080001f7   Thumb Code     0  startup_stm32l152xe.o(.text)
    DMA1_Channel4_IRQHandler                 0x080001f7   Thumb Code     0  startup_stm32l152xe.o(.text)
    DMA1_Channel5_IRQHandler                 0x080001f7   Thumb Code     0  startup_stm32l152xe.o(.text)
    DMA1_Channel6_IRQHandler                 0x080001f7   Thumb Code     0  startup_stm32l152xe.o(.text)
    DMA1_Channel7_IRQHandler                 0x080001f7   Thumb Code     0  startup_stm32l152xe.o(.text)
    DMA2_Channel1_IRQHandler                 0x080001f7   Thumb Code     0  startup_stm32l152xe.o(.text)
    DMA2_Channel2_IRQHandler                 0x080001f7   Thumb Code     0  startup_stm32l152xe.o(.text)
    DMA2_Channel3_IRQHandler                 0x080001f7   Thumb Code     0  startup_stm32l152xe.o(.text)
    DMA2_Channel4_IRQHandler                 0x080001f7   Thumb Code     0  startup_stm32l152xe.o(.text)
    DMA2_Channel5_IRQHandler                 0x080001f7   Thumb Code     0  startup_stm32l152xe.o(.text)
    EXTI0_IRQHandler                         0x080001f7   Thumb Code     0  startup_stm32l152xe.o(.text)
    EXTI15_10_IRQHandler                     0x080001f7   Thumb Code     0  startup_stm32l152xe.o(.text)
    EXTI1_IRQHandler                         0x080001f7   Thumb Code     0  startup_stm32l152xe.o(.text)
    EXTI2_IRQHandler                         0x080001f7   Thumb Code     0  startup_stm32l152xe.o(.text)
    EXTI3_IRQHandler                         0x080001f7   Thumb Code     0  startup_stm32l152xe.o(.text)
    EXTI4_IRQHandler                         0x080001f7   Thumb Code     0  startup_stm32l152xe.o(.text)
    EXTI9_5_IRQHandler                       0x080001f7   Thumb Code     0  startup_stm32l152xe.o(.text)
    FLASH_IRQHandler                         0x080001f7   Thumb Code     0  startup_stm32l152xe.o(.text)
    I2C1_ER_IRQHandler                       0x080001f7   Thumb Code     0  startup_stm32l152xe.o(.text)
    I2C1_EV_IRQHandler                       0x080001f7   Thumb Code     0  startup_stm32l152xe.o(.text)
    I2C2_ER_IRQHandler                       0x080001f7   Thumb Code     0  startup_stm32l152xe.o(.text)
    I2C2_EV_IRQHandler                       0x080001f7   Thumb Code     0  startup_stm32l152xe.o(.text)
    LCD_IRQHandler                           0x080001f7   Thumb Code     0  startup_stm32l152xe.o(.text)
    PVD_IRQHandler                           0x080001f7   Thumb Code     0  startup_stm32l152xe.o(.text)
    RCC_IRQHandler                           0x080001f7   Thumb Code     0  startup_stm32l152xe.o(.text)
    RTC_Alarm_IRQHandler                     0x080001f7   Thumb Code     0  startup_stm32l152xe.o(.text)
    RTC_WKUP_IRQHandler                      0x080001f7   Thumb Code     0  startup_stm32l152xe.o(.text)
    SPI1_IRQHandler                          0x080001f7   Thumb Code     0  startup_stm32l152xe.o(.text)
    SPI2_IRQHandler                          0x080001f7   Thumb Code     0  startup_stm32l152xe.o(.text)
    SPI3_IRQHandler                          0x080001f7   Thumb Code     0  startup_stm32l152xe.o(.text)
    TAMPER_STAMP_IRQHandler                  0x080001f7   Thumb Code     0  startup_stm32l152xe.o(.text)
    TIM10_IRQHandler                         0x080001f7   Thumb Code     0  startup_stm32l152xe.o(.text)
    TIM11_IRQHandler                         0x080001f7   Thumb Code     0  startup_stm32l152xe.o(.text)
    TIM3_IRQHandler                          0x080001f7   Thumb Code     0  startup_stm32l152xe.o(.text)
    TIM4_IRQHandler                          0x080001f7   Thumb Code     0  startup_stm32l152xe.o(.text)
    TIM5_IRQHandler                          0x080001f7   Thumb Code     0  startup_stm32l152xe.o(.text)
    TIM6_IRQHandler                          0x080001f7   Thumb Code     0  startup_stm32l152xe.o(.text)
    TIM7_IRQHandler                          0x080001f7   Thumb Code     0  startup_stm32l152xe.o(.text)
    TIM9_IRQHandler                          0x080001f7   Thumb Code     0  startup_stm32l152xe.o(.text)
    UART4_IRQHandler                         0x080001f7   Thumb Code     0  startup_stm32l152xe.o(.text)
    UART5_IRQHandler                         0x080001f7   Thumb Code     0  startup_stm32l152xe.o(.text)
    USART1_IRQHandler                        0x080001f7   Thumb Code     0  startup_stm32l152xe.o(.text)
    USART2_IRQHandler                        0x080001f7   Thumb Code     0  startup_stm32l152xe.o(.text)
    USART3_IRQHandler                        0x080001f7   Thumb Code     0  startup_stm32l152xe.o(.text)
    USB_FS_WKUP_IRQHandler                   0x080001f7   Thumb Code     0  startup_stm32l152xe.o(.text)
    USB_HP_IRQHandler                        0x080001f7   Thumb Code     0  startup_stm32l152xe.o(.text)
    USB_LP_IRQHandler                        0x080001f7   Thumb Code     0  startup_stm32l152xe.o(.text)
    WWDG_IRQHandler                          0x080001f7   Thumb Code     0  startup_stm32l152xe.o(.text)
    __aeabi_memcpy                           0x08000201   Thumb Code    36  memcpya.o(.text)
    __aeabi_memcpy4                          0x08000201   Thumb Code     0  memcpya.o(.text)
    __aeabi_memcpy8                          0x08000201   Thumb Code     0  memcpya.o(.text)
    __aeabi_memset                           0x08000225   Thumb Code    14  memseta.o(.text)
    __aeabi_memset4                          0x08000225   Thumb Code     0  memseta.o(.text)
    __aeabi_memset8                          0x08000225   Thumb Code     0  memseta.o(.text)
    __aeabi_memclr                           0x08000233   Thumb Code     4  memseta.o(.text)
    __aeabi_memclr4                          0x08000233   Thumb Code     0  memseta.o(.text)
    __aeabi_memclr8                          0x08000233   Thumb Code     0  memseta.o(.text)
    _memset$wrapper                          0x08000237   Thumb Code    18  memseta.o(.text)
    __scatterload                            0x08000249   Thumb Code    28  init.o(.text)
    __scatterload_rt2                        0x08000249   Thumb Code     0  init.o(.text)
    Error_Handler                            0x0800026d   Thumb Code     4  main.o(i.Error_Handler)
    HAL_GPIO_Init                            0x08000271   Thumb Code   450  stm32l1xx_hal_gpio.o(i.HAL_GPIO_Init)
    HAL_GPIO_WritePin                        0x0800045d   Thumb Code    12  stm32l1xx_hal_gpio.o(i.HAL_GPIO_WritePin)
    HAL_GetTick                              0x08000469   Thumb Code     6  stm32l1xx_hal.o(i.HAL_GetTick)
    HAL_IncTick                              0x08000475   Thumb Code    12  stm32l1xx_hal.o(i.HAL_IncTick)
    HAL_Init                                 0x08000485   Thumb Code    22  stm32l1xx_hal.o(i.HAL_Init)
    HAL_InitTick                             0x0800049d   Thumb Code   120  stm32l1xx_hal_timebase_tim.o(i.HAL_InitTick)
    HAL_MspInit                              0x08000521   Thumb Code   170  stm32l1xx_hal_msp.o(i.HAL_MspInit)
    HAL_NVIC_EnableIRQ                       0x080005d1   Thumb Code    26  stm32l1xx_hal_cortex.o(i.HAL_NVIC_EnableIRQ)
    HAL_NVIC_SetPriority                     0x080005eb   Thumb Code   124  stm32l1xx_hal_cortex.o(i.HAL_NVIC_SetPriority)
    HAL_NVIC_SetPriorityGrouping             0x08000669   Thumb Code    32  stm32l1xx_hal_cortex.o(i.HAL_NVIC_SetPriorityGrouping)
    HAL_PWREx_GetVoltageRange                0x08000691   Thumb Code    10  stm32l1xx_hal_pwr_ex.o(i.HAL_PWREx_GetVoltageRange)
    HAL_RCC_ClockConfig                      0x080006a1   Thumb Code   728  stm32l1xx_hal_rcc.o(i.HAL_RCC_ClockConfig)
    HAL_RCC_GetClockConfig                   0x08000989   Thumb Code    58  stm32l1xx_hal_rcc.o(i.HAL_RCC_GetClockConfig)
    HAL_RCC_GetHCLKFreq                      0x080009cd   Thumb Code     6  stm32l1xx_hal_rcc.o(i.HAL_RCC_GetHCLKFreq)
    HAL_RCC_GetPCLK1Freq                     0x080009d9   Thumb Code    36  stm32l1xx_hal_rcc.o(i.HAL_RCC_GetPCLK1Freq)
    HAL_RCC_GetSysClockFreq                  0x08000a05   Thumb Code   164  stm32l1xx_hal_rcc.o(i.HAL_RCC_GetSysClockFreq)
    HAL_RCC_OscConfig                        0x08000ab9   Thumb Code  2484  stm32l1xx_hal_rcc.o(i.HAL_RCC_OscConfig)
    HAL_SPI_Init                             0x08001475   Thumb Code   136  stm32l1xx_hal_spi_ex.o(i.HAL_SPI_Init)
    HAL_SPI_MspInit                          0x080014fd   Thumb Code    74  stm32l1xx_hal_msp.o(i.HAL_SPI_MspInit)
    HAL_SYSTICK_CLKSourceConfig              0x08001555   Thumb Code    40  stm32l1xx_hal_cortex.o(i.HAL_SYSTICK_CLKSourceConfig)
    HAL_SYSTICK_Config                       0x0800157d   Thumb Code    52  stm32l1xx_hal_cortex.o(i.HAL_SYSTICK_Config)
    HAL_TIM_Base_Init                        0x080015b1   Thumb Code    52  stm32l1xx_hal_tim.o(i.HAL_TIM_Base_Init)
    HAL_TIM_Base_MspInit                     0x080015e5   Thumb Code     2  stm32l1xx_hal_tim.o(i.HAL_TIM_Base_MspInit)
    HAL_TIM_Base_Start_IT                    0x080015e7   Thumb Code    30  stm32l1xx_hal_tim.o(i.HAL_TIM_Base_Start_IT)
    HAL_TIM_IC_CaptureCallback               0x08001605   Thumb Code     2  stm32l1xx_hal_tim.o(i.HAL_TIM_IC_CaptureCallback)
    HAL_TIM_IRQHandler                       0x08001607   Thumb Code   338  stm32l1xx_hal_tim.o(i.HAL_TIM_IRQHandler)
    HAL_TIM_OC_DelayElapsedCallback          0x08001759   Thumb Code     2  stm32l1xx_hal_tim.o(i.HAL_TIM_OC_DelayElapsedCallback)
    HAL_TIM_PWM_PulseFinishedCallback        0x0800175b   Thumb Code     2  stm32l1xx_hal_tim.o(i.HAL_TIM_PWM_PulseFinishedCallback)
    HAL_TIM_PeriodElapsedCallback            0x0800175d   Thumb Code    18  main.o(i.HAL_TIM_PeriodElapsedCallback)
    HAL_TIM_TriggerCallback                  0x0800176f   Thumb Code     2  stm32l1xx_hal_tim.o(i.HAL_TIM_TriggerCallback)
    StartDefaultTask                         0x080018fd   Thumb Code    10  main.o(i.StartDefaultTask)
    SysTick_Handler                          0x08001907   Thumb Code     8  stm32l1xx_it.o(i.SysTick_Handler)
    SystemClock_Config                       0x08001911   Thumb Code   128  main.o(i.SystemClock_Config)
    SystemInit                               0x08001995   Thumb Code    82  system_stm32l1xx.o(i.SystemInit)
    TIM2_IRQHandler                          0x080019f9   Thumb Code    10  stm32l1xx_it.o(i.TIM2_IRQHandler)
    __0printf$bare                           0x08001a8d   Thumb Code     8  printfb.o(i.__0printf$bare)
    __1printf$bare                           0x08001a8d   Thumb Code     0  printfb.o(i.__0printf$bare)
    __2printf                                0x08001a8d   Thumb Code     0  printfb.o(i.__0printf$bare)
    __scatterload_copy                       0x08001a9d   Thumb Code    14  handlers.o(i.__scatterload_copy)
    __scatterload_null                       0x08001aab   Thumb Code     2  handlers.o(i.__scatterload_null)
    __scatterload_zeroinit                   0x08001aad   Thumb Code    14  handlers.o(i.__scatterload_zeroinit)
    fputc                                    0x08001add   Thumb Code    30  main.o(i.fputc)
    main                                     0x08001b01   Thumb Code    54  main.o(i.main)
    osDelay                                  0x08001b5f   Thumb Code    24  cmsis_os.o(i.osDelay)
    osKernelStart                            0x08001b77   Thumb Code    10  cmsis_os.o(i.osKernelStart)
    osSystickHandler                         0x08001b81   Thumb Code    16  cmsis_os.o(i.osSystickHandler)
    osThreadCreate                           0x08001b91   Thumb Code    58  cmsis_os.o(i.osThreadCreate)
    pvPortMalloc                             0x08001efd   Thumb Code   254  heap_4.o(i.pvPortMalloc)
    pxPortInitialiseStack                    0x08002011   Thumb Code    26  port.o(i.pxPortInitialiseStack)
    uxListRemove                             0x08002031   Thumb Code    40  list.o(i.uxListRemove)
    vListInitialise                          0x08002059   Thumb Code    26  list.o(i.vListInitialise)
    vListInitialiseItem                      0x08002073   Thumb Code     6  list.o(i.vListInitialiseItem)
    vListInsert                              0x08002079   Thumb Code    52  list.o(i.vListInsert)
    vListInsertEnd                           0x080020ad   Thumb Code    24  list.o(i.vListInsertEnd)
    vPortEnterCritical                       0x080020c5   Thumb Code    58  port.o(i.vPortEnterCritical)
    vPortExitCritical                        0x08002109   Thumb Code    40  port.o(i.vPortExitCritical)
    vPortFree                                0x08002135   Thumb Code   112  heap_4.o(i.vPortFree)
    vPortSetupTimerInterrupt                 0x080021ad   Thumb Code    26  port.o(i.vPortSetupTimerInterrupt)
    vPortYield                               0x080021cd   Thumb Code    18  port.o(i.vPortYield)
    vTaskDelay                               0x080021e5   Thumb Code    94  tasks.o(i.vTaskDelay)
    vTaskStartScheduler                      0x08002255   Thumb Code    70  tasks.o(i.vTaskStartScheduler)
    vTaskSuspendAll                          0x080022b5   Thumb Code    12  tasks.o(i.vTaskSuspendAll)
    vTaskSwitchContext                       0x080022c5   Thumb Code   106  tasks.o(i.vTaskSwitchContext)
    xPortStartScheduler                      0x08002345   Thumb Code   140  port.o(i.xPortStartScheduler)
    xPortSysTickHandler                      0x080023e5   Thumb Code    28  port.o(i.xPortSysTickHandler)
    xTaskGenericCreate                       0x08002405   Thumb Code   288  tasks.o(i.xTaskGenericCreate)
    xTaskGetSchedulerState                   0x0800253d   Thumb Code    24  tasks.o(i.xTaskGetSchedulerState)
    xTaskIncrementTick                       0x0800255d   Thumb Code   272  tasks.o(i.xTaskIncrementTick)
    xTaskResumeAll                           0x08002699   Thumb Code   200  tasks.o(i.xTaskResumeAll)
    PLLMulTable                              0x08002780   Data           9  system_stm32l1xx.o(.constdata)
    AHBPrescTable                            0x08002789   Data          16  system_stm32l1xx.o(.constdata)
    APBPrescTable                            0x08002799   Data           8  system_stm32l1xx.o(.constdata)
    Region$$Table$$Base                      0x080027c4   Number         0  anon$$obj.o(Region$$Table)
    Region$$Table$$Limit                     0x080027e4   Number         0  anon$$obj.o(Region$$Table)
    uwTick                                   0x20000000   Data           4  stm32l1xx_hal.o(.data)
    SystemCoreClock                          0x20000004   Data           4  system_stm32l1xx.o(.data)
    defaultTaskHandle                        0x20000008   Data           4  main.o(.data)
    __stdout                                 0x2000000c   Data           4  main.o(.data)
    __stdin                                  0x20000010   Data           4  main.o(.data)
    pxCurrentTCB                             0x2000002c   Data           4  tasks.o(.data)
    hspi1                                    0x20000070   Data          88  main.o(.bss)
    htim2                                    0x200000c8   Data          56  stm32l1xx_hal_timebase_tim.o(.bss)
    __initial_sp                             0x200011f0   Data           0  startup_stm32l152xe.o(STACK)



==============================================================================

Memory Map of the image

  Image Entry point : 0x08000125

  Load Region LR_IROM1 (Base: 0x08000000, Size: 0x00002854, Max: 0x00080000, ABSOLUTE)

    Execution Region ER_IROM1 (Base: 0x08000000, Size: 0x000027e4, Max: 0x00080000, ABSOLUTE)

    Base Addr    Size         Type   Attr      Idx    E Section Name        Object

    0x08000000   0x00000124   Data   RO         2202    RESET               startup_stm32l152xe.o
    0x08000124   0x00000000   Code   RO         3670  * .ARM.Collect$$$$00000000  mc_w.l(entry.o)
    0x08000124   0x00000004   Code   RO         3945    .ARM.Collect$$$$00000001  mc_w.l(entry2.o)
    0x08000128   0x00000004   Code   RO         3948    .ARM.Collect$$$$00000004  mc_w.l(entry5.o)
    0x0800012c   0x00000000   Code   RO         3950    .ARM.Collect$$$$00000008  mc_w.l(entry7b.o)
    0x0800012c   0x00000000   Code   RO         3952    .ARM.Collect$$$$0000000A  mc_w.l(entry8b.o)
    0x0800012c   0x00000008   Code   RO         3953    .ARM.Collect$$$$0000000B  mc_w.l(entry9a.o)
    0x08000134   0x00000000   Code   RO         3955    .ARM.Collect$$$$0000000D  mc_w.l(entry10a.o)
    0x08000134   0x00000000   Code   RO         3957    .ARM.Collect$$$$0000000F  mc_w.l(entry11a.o)
    0x08000134   0x00000004   Code   RO         3946    .ARM.Collect$$$$00002712  mc_w.l(entry2.o)
    0x08000138   0x000000a2   Code   RO         3267    .emb_text           port.o
    0x080001da   0x00000002   PAD
    0x080001dc   0x00000024   Code   RO         2203    .text               startup_stm32l152xe.o
    0x08000200   0x00000024   Code   RO         3673    .text               mc_w.l(memcpya.o)
    0x08000224   0x00000024   Code   RO         3675    .text               mc_w.l(memseta.o)
    0x08000248   0x00000024   Code   RO         3976    .text               mc_w.l(init.o)
    0x0800026c   0x00000004   Code   RO         2210    i.Error_Handler     main.o
    0x08000270   0x000001ec   Code   RO         1103    i.HAL_GPIO_Init     stm32l1xx_hal_gpio.o
    0x0800045c   0x0000000c   Code   RO         1107    i.HAL_GPIO_WritePin  stm32l1xx_hal_gpio.o
    0x08000468   0x0000000c   Code   RO         1532    i.HAL_GetTick       stm32l1xx_hal.o
    0x08000474   0x00000010   Code   RO         1533    i.HAL_IncTick       stm32l1xx_hal.o
    0x08000484   0x00000016   Code   RO         1534    i.HAL_Init          stm32l1xx_hal.o
    0x0800049a   0x00000002   PAD
    0x0800049c   0x00000084   Code   RO         2585    i.HAL_InitTick      stm32l1xx_hal_timebase_tim.o
    0x08000520   0x000000b0   Code   RO         2366    i.HAL_MspInit       stm32l1xx_hal_msp.o
    0x080005d0   0x0000001a   Code   RO         1169    i.HAL_NVIC_EnableIRQ  stm32l1xx_hal_cortex.o
    0x080005ea   0x0000007c   Code   RO         1175    i.HAL_NVIC_SetPriority  stm32l1xx_hal_cortex.o
    0x08000666   0x00000002   PAD
    0x08000668   0x00000028   Code   RO         1176    i.HAL_NVIC_SetPriorityGrouping  stm32l1xx_hal_cortex.o
    0x08000690   0x00000010   Code   RO         2088    i.HAL_PWREx_GetVoltageRange  stm32l1xx_hal_pwr_ex.o
    0x080006a0   0x000002e8   Code   RO          830    i.HAL_RCC_ClockConfig  stm32l1xx_hal_rcc.o
    0x08000988   0x00000044   Code   RO          834    i.HAL_RCC_GetClockConfig  stm32l1xx_hal_rcc.o
    0x080009cc   0x0000000c   Code   RO          835    i.HAL_RCC_GetHCLKFreq  stm32l1xx_hal_rcc.o
    0x080009d8   0x0000002c   Code   RO          837    i.HAL_RCC_GetPCLK1Freq  stm32l1xx_hal_rcc.o
    0x08000a04   0x000000b4   Code   RO          839    i.HAL_RCC_GetSysClockFreq  stm32l1xx_hal_rcc.o
    0x08000ab8   0x000009bc   Code   RO          842    i.HAL_RCC_OscConfig  stm32l1xx_hal_rcc.o
    0x08001474   0x00000088   Code   RO         2142    i.HAL_SPI_Init      stm32l1xx_hal_spi_ex.o
    0x080014fc   0x00000058   Code   RO         2368    i.HAL_SPI_MspInit   stm32l1xx_hal_msp.o
    0x08001554   0x00000028   Code   RO         1178    i.HAL_SYSTICK_CLKSourceConfig  stm32l1xx_hal_cortex.o
    0x0800157c   0x00000034   Code   RO         1180    i.HAL_SYSTICK_Config  stm32l1xx_hal_cortex.o
    0x080015b0   0x00000034   Code   RO            6    i.HAL_TIM_Base_Init  stm32l1xx_hal_tim.o
    0x080015e4   0x00000002   Code   RO            8    i.HAL_TIM_Base_MspInit  stm32l1xx_hal_tim.o
    0x080015e6   0x0000001e   Code   RO           11    i.HAL_TIM_Base_Start_IT  stm32l1xx_hal_tim.o
    0x08001604   0x00000002   Code   RO           35    i.HAL_TIM_IC_CaptureCallback  stm32l1xx_hal_tim.o
    0x08001606   0x00000152   Code   RO           48    i.HAL_TIM_IRQHandler  stm32l1xx_hal_tim.o
    0x08001758   0x00000002   Code   RO           51    i.HAL_TIM_OC_DelayElapsedCallback  stm32l1xx_hal_tim.o
    0x0800175a   0x00000002   Code   RO           78    i.HAL_TIM_PWM_PulseFinishedCallback  stm32l1xx_hal_tim.o
    0x0800175c   0x00000012   Code   RO         2211    i.HAL_TIM_PeriodElapsedCallback  main.o
    0x0800176e   0x00000002   Code   RO           89    i.HAL_TIM_TriggerCallback  stm32l1xx_hal_tim.o
    0x08001770   0x00000068   Code   RO         2212    i.MX_GPIO_Init      main.o
    0x080017d8   0x00000044   Code   RO         2213    i.MX_SPI1_Init      main.o
    0x0800181c   0x00000010   Code   RO         1182    i.NVIC_GetPriorityGrouping  stm32l1xx_hal_cortex.o
    0x0800182c   0x00000028   Code   RO         1183    i.NVIC_SetPriority  stm32l1xx_hal_cortex.o
    0x08001854   0x000000a8   Code   RO          843    i.RCC_SetFlashLatencyFromMSIRange  stm32l1xx_hal_rcc.o
    0x080018fc   0x0000000a   Code   RO         2214    i.StartDefaultTask  main.o
    0x08001906   0x00000008   Code   RO         2329    i.SysTick_Handler   stm32l1xx_it.o
    0x0800190e   0x00000002   PAD
    0x08001910   0x00000084   Code   RO         2215    i.SystemClock_Config  main.o
    0x08001994   0x00000064   Code   RO         2167    i.SystemInit        system_stm32l1xx.o
    0x080019f8   0x00000010   Code   RO         2330    i.TIM2_IRQHandler   stm32l1xx_it.o
    0x08001a08   0x00000084   Code   RO           90    i.TIM_Base_SetConfig  stm32l1xx_hal_tim.o
    0x08001a8c   0x00000010   Code   RO         3680    i.__0printf$bare    mc_w.l(printfb.o)
    0x08001a9c   0x0000000e   Code   RO         3988    i.__scatterload_copy  mc_w.l(handlers.o)
    0x08001aaa   0x00000002   Code   RO         3989    i.__scatterload_null  mc_w.l(handlers.o)
    0x08001aac   0x0000000e   Code   RO         3990    i.__scatterload_zeroinit  mc_w.l(handlers.o)
    0x08001aba   0x00000022   Code   RO         3687    i._printf_core      mc_w.l(printfb.o)
    0x08001adc   0x00000024   Code   RO         2216    i.fputc             main.o
    0x08001b00   0x00000050   Code   RO         2217    i.main              main.o
    0x08001b50   0x0000000e   Code   RO         3342    i.makeFreeRtosPriority  cmsis_os.o
    0x08001b5e   0x00000018   Code   RO         3343    i.osDelay           cmsis_os.o
    0x08001b76   0x0000000a   Code   RO         3346    i.osKernelStart     cmsis_os.o
    0x08001b80   0x00000010   Code   RO         3375    i.osSystickHandler  cmsis_os.o
    0x08001b90   0x0000003a   Code   RO         3376    i.osThreadCreate    cmsis_os.o
    0x08001bca   0x00000002   PAD
    0x08001bcc   0x00000054   Code   RO         2944    i.prvAddCurrentTaskToDelayedList  tasks.o
    0x08001c20   0x00000042   Code   RO         2945    i.prvAllocateTCBAndStack  tasks.o
    0x08001c62   0x00000002   PAD
    0x08001c64   0x00000064   Code   RO         2946    i.prvCheckTasksWaitingTermination  tasks.o
    0x08001cc8   0x00000012   Code   RO         2947    i.prvDeleteTCB      tasks.o
    0x08001cda   0x00000002   PAD
    0x08001cdc   0x0000007c   Code   RO         2895    i.prvHeapInit       heap_4.o
    0x08001d58   0x00000018   Code   RO         2948    i.prvIdleTask       tasks.o
    0x08001d70   0x00000062   Code   RO         2949    i.prvInitialiseTCBVariables  tasks.o
    0x08001dd2   0x00000002   PAD
    0x08001dd4   0x00000068   Code   RO         2950    i.prvInitialiseTaskLists  tasks.o
    0x08001e3c   0x00000068   Code   RO         2896    i.prvInsertBlockIntoFreeList  heap_4.o
    0x08001ea4   0x00000034   Code   RO         2952    i.prvResetNextTaskUnblockTime  tasks.o
    0x08001ed8   0x00000024   Code   RO         3268    i.prvTaskExitError  port.o
    0x08001efc   0x00000114   Code   RO         2897    i.pvPortMalloc      heap_4.o
    0x08002010   0x00000020   Code   RO         3269    i.pxPortInitialiseStack  port.o
    0x08002030   0x00000028   Code   RO         2702    i.uxListRemove      list.o
    0x08002058   0x0000001a   Code   RO         2703    i.vListInitialise   list.o
    0x08002072   0x00000006   Code   RO         2704    i.vListInitialiseItem  list.o
    0x08002078   0x00000034   Code   RO         2705    i.vListInsert       list.o
    0x080020ac   0x00000018   Code   RO         2706    i.vListInsertEnd    list.o
    0x080020c4   0x00000044   Code   RO         3271    i.vPortEnterCritical  port.o
    0x08002108   0x0000002c   Code   RO         3272    i.vPortExitCritical  port.o
    0x08002134   0x00000078   Code   RO         2898    i.vPortFree         heap_4.o
    0x080021ac   0x00000020   Code   RO         3273    i.vPortSetupTimerInterrupt  port.o
    0x080021cc   0x00000018   Code   RO         3275    i.vPortYield        port.o
    0x080021e4   0x00000070   Code   RO         2963    i.vTaskDelay        tasks.o
    0x08002254   0x00000060   Code   RO         2975    i.vTaskStartScheduler  tasks.o
    0x080022b4   0x00000010   Code   RO         2977    i.vTaskSuspendAll   tasks.o
    0x080022c4   0x00000080   Code   RO         2978    i.vTaskSwitchContext  tasks.o
    0x08002344   0x000000a0   Code   RO         3276    i.xPortStartScheduler  port.o
    0x080023e4   0x00000020   Code   RO         3277    i.xPortSysTickHandler  port.o
    0x08002404   0x00000138   Code   RO         2980    i.xTaskGenericCreate  tasks.o
    0x0800253c   0x00000020   Code   RO         2984    i.xTaskGetSchedulerState  tasks.o
    0x0800255c   0x0000013c   Code   RO         2987    i.xTaskIncrementTick  tasks.o
    0x08002698   0x000000e8   Code   RO         2993    i.xTaskResumeAll    tasks.o
    0x08002780   0x00000021   Data   RO         2168    .constdata          system_stm32l1xx.o
    0x080027a1   0x00000003   PAD
    0x080027a4   0x00000014   Data   RO         2219    .constdata          main.o
    0x080027b8   0x0000000c   Data   RO         2220    .conststring        main.o
    0x080027c4   0x00000020   Data   RO         3986    Region$$Table       anon$$obj.o


    Execution Region RW_IRAM1 (Base: 0x20000000, Size: 0x000011f0, Max: 0x00014000, ABSOLUTE)

    Base Addr    Size         Type   Attr      Idx    E Section Name        Object

    0x20000000   0x00000004   Data   RW         1540    .data               stm32l1xx_hal.o
    0x20000004   0x00000004   Data   RW         2169    .data               system_stm32l1xx.o
    0x20000008   0x0000000c   Data   RW         2221    .data               main.o
    0x20000014   0x00000018   Data   RW         2903    .data               heap_4.o
    0x2000002c   0x00000038   Data   RW         2996    .data               tasks.o
    0x20000064   0x0000000c   Data   RW         3278    .data               port.o
    0x20000070   0x00000058   Zero   RW         2218    .bss                main.o
    0x200000c8   0x00000038   Zero   RW         2588    .bss                stm32l1xx_hal_timebase_tim.o
    0x20000100   0x00000c00   Zero   RW         2902    .bss                heap_4.o
    0x20000d00   0x000000f0   Zero   RW         2995    .bss                tasks.o
    0x20000df0   0x00000400   Zero   RW         2200    STACK               startup_stm32l152xe.o


==============================================================================

Image component sizes


      Code (inc. data)   RO Data    RW Data    ZI Data      Debug   Object Name

       122          0          0          0          0       7678   cmsis_os.o
         0          0          0          0          0       1472   event_groups.o
       624         64          0         24       3072       4279   heap_4.o
       148          0          0          0          0       3486   list.o
       452         54         32         12         88      28149   main.o
       590         72          0         12          0       7889   port.o
        36          8        292          0       1024        784   startup_stm32l152xe.o
        50         10          0          4          0       2556   stm32l1xx_hal.o
       338         22          0          0          0      28537   stm32l1xx_hal_cortex.o
       504         42          0          0          0       2332   stm32l1xx_hal_gpio.o
       264         20          0          0          0       1588   stm32l1xx_hal_msp.o
        16          6          0          0          0        552   stm32l1xx_hal_pwr_ex.o
      3708        102          0          0          0       7094   stm32l1xx_hal_rcc.o
       136          0          0          0          0       1075   stm32l1xx_hal_spi_ex.o
       562         24          0          0          0     405717   stm32l1xx_hal_tim.o
       132         12          0          0         56       1524   stm32l1xx_hal_timebase_tim.o
        24          6          0          0          0        924   stm32l1xx_it.o
       100         18         33          4          0       1235   system_stm32l1xx.o
      1790        262          0         56        240      14565   tasks.o

    ----------------------------------------------------------------------
      9612        722        392        112       4480     521436   Object Totals
         0          0         32          0          0          0   (incl. Generated)
        16          0          3          0          0          0   (incl. Padding)

    ----------------------------------------------------------------------

      Code (inc. data)   RO Data    RW Data    ZI Data      Debug   Library Member Name

         0          0          0          0          0          0   entry.o
         0          0          0          0          0          0   entry10a.o
         0          0          0          0          0          0   entry11a.o
         8          4          0          0          0          0   entry2.o
         4          0          0          0          0          0   entry5.o
         0          0          0          0          0          0   entry7b.o
         0          0          0          0          0          0   entry8b.o
         8          4          0          0          0          0   entry9a.o
        30          0          0          0          0          0   handlers.o
        36          8          0          0          0         68   init.o
        36          0          0          0          0         68   memcpya.o
        36          0          0          0          0        108   memseta.o
        50          8          0          0          0        152   printfb.o

    ----------------------------------------------------------------------
       208         24          0          0          0        396   Library Totals
         0          0          0          0          0          0   (incl. Padding)

    ----------------------------------------------------------------------

      Code (inc. data)   RO Data    RW Data    ZI Data      Debug   Library Name

       208         24          0          0          0        396   mc_w.l

    ----------------------------------------------------------------------
       208         24          0          0          0        396   Library Totals

    ----------------------------------------------------------------------

==============================================================================


      Code (inc. data)   RO Data    RW Data    ZI Data      Debug   

      9820        746        392        112       4480     517772   Grand Totals
      9820        746        392        112       4480     517772   ELF Image Totals
      9820        746        392        112          0          0   ROM Totals

==============================================================================

    Total RO  Size (Code + RO Data)                10212 (   9.97kB)
    Total RW  Size (RW Data + ZI Data)              4592 (   4.48kB)
    Total ROM Size (Code + RO Data + RW Data)      10324 (  10.08kB)

==============================================================================

